=== 자동 커밋 (2026-08-15 00:49:37.080360) ===
자동 커밋 대상: 18개
  - _out/\352\262\260\354\235\264\353\266\200\354\212\244\354\212\244_final__M/c2.png
  - _out/\354\227\260\354\236\254_3\355\216\270_\354\265\234\354\213\240.png
  - knowledge/\352\267\234\354\225\275_\354\235\264_\353\260\251\354\235\230_\352\262\275\352\263\204.md
  - _out/\352\262\260\354\235\264\353\266\200\354\212\244\354\212\244_final__M/_\354\273\250\355\203\235\355\212\270\354\213\234\355\212\270.png
  - _publish_jobs/
  - content/shorts/2026-07-16/\353\263\264\354\235\264\354\212\244_\354\213\234\354\225\210/_review/
  - content/shorts/2026-07-16/\353\263\264\354\235\264\354\212\244_\354\213\234\354\225\210/_\353\260\234\355\226\211\354\240\204_\354\212\244\354\203\267_01_\353\250\270\353\246\254\352\260\200_\354\273\244\353\263\264\354\235\264\353\212\224_\354\235\264\354\234\240_\353\263\264\354\235\264\354\212\244\354\213\234\354\225\210.jpg
  - content/shorts/2026-07-16/\353\263\264\354\235\264\354\212\244_\354\213\234\354\225\210/_\353\260\234\355\226\211\354\240\204_\354\212\244\354\203\267_02_\354\236\245\353\247\210\354\262\240_\353\226\241\354\247\220\354\235\230_\354\247\204\353\262\224_\353\263\264\354\235\264\354\212\244\354\213\234\354\225\210.jpg
  - content/shorts/2026-07-16/\353\263\264\354\235\264\354\212\244_\354\213\234\354\225\210/_\353\260\234\355\226\211\354\240\204_\354\212\244\354\203\267_03_\354\210\217\354\273\267\354\235\264_\354\225\210\354\226\264\354\232\270\353\246\254\353\212\224_\354\226\274\352\265\264\354\235\200_\354\227\206\353\213\244_\353\263\264\354\235\264\354\212\244\354\213\234\354\225\210.jpg
  - content/shorts/2026-07-16/\353\263\264\354\235\264\354\212\244_\354\213\234\354\225\210/_\353\260\234\355\226\211\354\240\204_\354\212\244\354\203\267_04_\354\225\214\354\225\204\354\204\234_\355\225\264\354\243\274\354\204\270\354\232\224\354\235\230_\354\247\204\354\247\234\353\234\273_\353\263\264\354\235\264\354\212\244\354\213\234\354\225\210.jpg
  ... 외 8개
❌ 커밋 실패: ✅ 공유 자원 수정 없음

=== 자동 커밋 (2026-08-15 01:49:37.637726) ===
자동 커밋 대상: 17개
  - _out/\352\262\260\354\235\264\353\266\200\354\212\244\354\212\244_final__M/c2.png
  - _out/\354\227\260\354\236\254_3\355\216\270_\354\265\234\354\213\240.png
  - knowledge/\352\267\234\354\225\275_\354\235\264_\353\260\251\354\235\230_\352\262\275\352\263\204.md
  - scripts/auto_commit.py
  - scripts/pipeline_health.py
  - _out/\352\262\260\354\235\264\353\266\200\354\212\244\354\212\244_final__M/_\354\273\250\355\203\235\355\212\270\354\213\234\355\212\270.png
  - content/shorts/2026-07-16/\353\263\264\354\235\264\354\212\244_\354\213\234\354\225\210/_review/
  - content/shorts/2026-07-16/\353\263\264\354\235\264\354\212\244_\354\213\234\354\225\210/_\353\260\234\355\226\211\354\240\204_\354\212\244\354\203\267_01_\353\250\270\353\246\254\352\260\200_\354\273\244\353\263\264\354\235\264\353\212\224_\354\235\264\354\234\240_\353\263\264\354\235\264\354\212\244\354\213\234\354\225\210.jpg
  - content/shorts/2026-07-16/\353\263\264\354\235\264\354\212\244_\354\213\234\354\225\210/_\353\260\234\355\226\211\354\240\204_\354\212\244\354\203\267_02_\354\236\245\353\247\210\354\262\240_\353\226\241\354\247\220\354\235\230_\354\247\204\353\262\224_\353\263\264\354\235\264\354\212\244\354\213\234\354\225\210.jpg
  - content/shorts/2026-07-16/\353\263\264\354\235\264\354\212\244_\354\213\234\354\225\210/_\353\260\234\355\226\211\354\240\204_\354\212\244\354\203\267_03_\354\210\217\354\273\267\354\235\264_\354\225\210\354\226\264\354\232\270\353\246\254\353\212\224_\354\226\274\352\265\264\354\235\200_\354\227\206\353\213\244_\353\263\264\354\235\264\354\212\244\354\213\234\354\225\210.jpg
  ... 외 7개
✅ 커밋 완료: 자동저장 2026-08-15 01:49 (17개 파일)
=== 자동 커밋 (2026-08-15 02:49:38.210752) ===
자동 커밋 대상: 15개
  - _out/\352\262\260\354\235\264\353\266\200\354\212\244\354\212\244_final__M/c2.png
  - _out/\354\227\260\354\236\254_3\355\216\270_\354\265\234\354\213\240.png
  - knowledge/\352\267\234\354\225\275_\354\235\264_\353\260\251\354\235\230_\352\262\275\352\263\204.md
  - _out/\352\262\260\354\235\264\353\266\200\354\212\244\354\212\244_final__M/_\354\273\250\355\203\235\355\212\270\354\213\234\355\212\270.png
  - content/shorts/2026-07-16/\353\263\264\354\235\264\354\212\244_\354\213\234\354\225\210/_review/
  - content/shorts/2026-07-16/\353\263\264\354\235\264\354\212\244_\354\213\234\354\225\210/_\353\260\234\355\226\211\354\240\204_\354\212\244\354\203\267_01_\353\250\270\353\246\254\352\260\200_\354\273\244\353\263\264\354\235\264\353\212\224_\354\235\264\354\234\240_\353\263\264\354\235\264\354\212\244\354\213\234\354\225\210.jpg
  - content/shorts/2026-07-16/\353\263\264\354\235\264\354\212\244_\354\213\234\354\225\210/_\353\260\234\355\226\211\354\240\204_\354\212\244\354\203\267_02_\354\236\245\353\247\210\354\262\240_\353\226\241\354\247\220\354\235\230_\354\247\204\353\262\224_\353\263\264\354\235\264\354\212\244\354\213\234\354\225\210.jpg
  - content/shorts/2026-07-16/\353\263\264\354\235\264\354\212\244_\354\213\234\354\225\210/_\353\260\234\355\226\211\354\240\204_\354\212\244\354\203\267_03_\354\210\217\354\273\267\354\235\264_\354\225\210\354\226\264\354\232\270\353\246\254\353\212\224_\354\226\274\352\265\264\354\235\200_\354\227\206\353\213\244_\353\263\264\354\235\264\354\212\244\354\213\234\354\225\210.jpg
  - content/shorts/2026-07-16/\353\263\264\354\235\264\354\212\244_\354\213\234\354\225\210/_\353\260\234\355\226\211\354\240\204_\354\212\244\354\203\267_04_\354\225\214\354\225\204\354\204\234_\355\225\264\354\243\274\354\204\270\354\232\224\354\235\230_\354\247\204\354\247\234\353\234\273_\353\263\264\354\235\264\354\212\244\354\213\234\354\225\210.jpg
  - content/shorts/2026-07-16/\353\263\264\354\235\264\354\212\244_\354\213\234\354\225\210/_\353\260\234\355\226\211\354\240\204_\354\212\244\354\203\267_05_20\353\205\204\354\247\270_\352\260\231\354\235\200\354\235\274\354\235\264_\354\225\210\354\247\200\352\262\250\354\232\264\354\235\264\354\234\240_\353\263\264\354\235\264\354\212\244\354\213\234\354\225\210.jpg
  ... 외 5개
❌ 커밋 실패: ✅ 공유 자원 수정 없음

=== 자동 커밋 (2026-08-15 03:49:38.696913) ===
자동 커밋 대상: 15개
  - _out/\352\262\260\354\235\264\353\266\200\354\212\244\354\212\244_final__M/c2.png
  - _out/\354\227\260\354\236\254_3\355\216\270_\354\265\234\354\213\240.png
  - knowledge/\352\267\234\354\225\275_\354\235\264_\353\260\251\354\235\230_\352\262\275\352\263\204.md
  - _out/\352\262\260\354\235\264\353\266\200\354\212\244\354\212\244_final__M/_\354\273\250\355\203\235\355\212\270\354\213\234\355\212\270.png
  - content/shorts/2026-07-16/\353\263\264\354\235\264\354\212\244_\354\213\234\354\225\210/_review/
  - content/shorts/2026-07-16/\353\263\264\354\235\264\354\212\244_\354\213\234\354\225\210/_\353\260\234\355\226\211\354\240\204_\354\212\244\354\203\267_01_\353\250\270\353\246\254\352\260\200_\354\273\244\353\263\264\354\235\264\353\212\224_\354\235\264\354\234\240_\353\263\264\354\235\264\354\212\244\354\213\234\354\225\210.jpg
  - content/shorts/2026-07-16/\353\263\264\354\235\264\354\212\244_\354\213\234\354\225\210/_\353\260\234\355\226\211\354\240\204_\354\212\244\354\203\267_02_\354\236\245\353\247\210\354\262\240_\353\226\241\354\247\220\354\235\230_\354\247\204\353\262\224_\353\263\264\354\235\264\354\212\244\354\213\234\354\225\210.jpg
  - content/shorts/2026-07-16/\353\263\264\354\235\264\354\212\244_\354\213\234\354\225\210/_\353\260\234\355\226\211\354\240\204_\354\212\244\354\203\267_03_\354\210\217\354\273\267\354\235\264_\354\225\210\354\226\264\354\232\270\353\246\254\353\212\224_\354\226\274\352\265\264\354\235\200_\354\227\206\353\213\244_\353\263\264\354\235\264\354\212\244\354\213\234\354\225\210.jpg
  - content/shorts/2026-07-16/\353\263\264\354\235\264\354\212\244_\354\213\234\354\225\210/_\353\260\234\355\226\211\354\240\204_\354\212\244\354\203\267_04_\354\225\214\354\225\204\354\204\234_\355\225\264\354\243\274\354\204\270\354\232\224\354\235\230_\354\247\204\354\247\234\353\234\273_\353\263\264\354\235\264\354\212\244\354\213\234\354\225\210.jpg
  - content/shorts/2026-07-16/\353\263\264\354\235\264\354\212\244_\354\213\234\354\225\210/_\353\260\234\355\226\211\354\240\204_\354\212\244\354\203\267_05_20\353\205\204\354\247\270_\352\260\231\354\235\200\354\235\274\354\235\264_\354\225\210\354\247\200\352\262\250\354\232\264\354\235\264\354\234\240_\353\263\264\354\235\264\354\212\244\354\213\234\354\225\210.jpg
  ... 외 5개
❌ 커밋 실패: ✅ 공유 자원 수정 없음

=== 자동 커밋 (2026-08-15 04:49:39.268258) ===
자동 커밋 대상: 15개
  - _out/\352\262\260\354\235\264\353\266\200\354\212\244\354\212\244_final__M/c2.png
  - _out/\354\227\260\354\236\254_3\355\216\270_\354\265\234\354\213\240.png
  - knowledge/\352\267\234\354\225\275_\354\235\264_\353\260\251\354\235\230_\352\262\275\352\263\204.md
  - _out/\352\262\260\354\235\264\353\266\200\354\212\244\354\212\244_final__M/_\354\273\250\355\203\235\355\212\270\354\213\234\355\212\270.png
  - content/shorts/2026-07-16/\353\263\264\354\235\264\354\212\244_\354\213\234\354\225\210/_review/
  - content/shorts/2026-07-16/\353\263\264\354\235\264\354\212\244_\354\213\234\354\225\210/_\353\260\234\355\226\211\354\240\204_\354\212\244\354\203\267_01_\353\250\270\353\246\254\352\260\200_\354\273\244\353\263\264\354\235\264\353\212\224_\354\235\264\354\234\240_\353\263\264\354\235\264\354\212\244\354\213\234\354\225\210.jpg
  - content/shorts/2026-07-16/\353\263\264\354\235\264\354\212\244_\354\213\234\354\225\210/_\353\260\234\355\226\211\354\240\204_\354\212\244\354\203\267_02_\354\236\245\353\247\210\354\262\240_\353\226\241\354\247\220\354\235\230_\354\247\204\353\262\224_\353\263\264\354\235\264\354\212\244\354\213\234\354\225\210.jpg
  - content/shorts/2026-07-16/\353\263\264\354\235\264\354\212\244_\354\213\234\354\225\210/_\353\260\234\355\226\211\354\240\204_\354\212\244\354\203\267_03_\354\210\217\354\273\267\354\235\264_\354\225\210\354\226\264\354\232\270\353\246\254\353\212\224_\354\226\274\352\265\264\354\235\200_\354\227\206\353\213\244_\353\263\264\354\235\264\354\212\244\354\213\234\354\225\210.jpg
  - content/shorts/2026-07-16/\353\263\264\354\235\264\354\212\244_\354\213\234\354\225\210/_\353\260\234\355\226\211\354\240\204_\354\212\244\354\203\267_04_\354\225\214\354\225\204\354\204\234_\355\225\264\354\243\274\354\204\270\354\232\224\354\235\230_\354\247\204\354\247\234\353\234\273_\353\263\264\354\235\264\354\212\244\354\213\234\354\225\210.jpg
  - content/shorts/2026-07-16/\353\263\264\354\235\264\354\212\244_\354\213\234\354\225\210/_\353\260\234\355\226\211\354\240\204_\354\212\244\354\203\267_05_20\353\205\204\354\247\270_\352\260\231\354\235\200\354\235\274\354\235\264_\354\225\210\354\247\200\352\262\250\354\232\264\354\235\264\354\234\240_\353\263\264\354\235\264\354\212\244\354\213\234\354\225\210.jpg
  ... 외 5개
❌ 커밋 실패: ✅ 공유 자원 수정 없음

=== 자동 커밋 (2026-08-15 05:49:39.778029) ===
자동 커밋 대상: 15개
  - _out/\352\262\260\354\235\264\353\266\200\354\212\244\354\212\244_final__M/c2.png
  - _out/\354\227\260\354\236\254_3\355\216\270_\354\265\234\354\213\240.png
  - knowledge/\352\267\234\354\225\275_\354\235\264_\353\260\251\354\235\230_\352\262\275\352\263\204.md
  - _out/\352\262\260\354\235\264\353\266\200\354\212\244\354\212\244_final__M/_\354\273\250\355\203\235\355\212\270\354\213\234\355\212\270.png
  - content/shorts/2026-07-16/\353\263\264\354\235\264\354\212\244_\354\213\234\354\225\210/_review/
  - content/shorts/2026-07-16/\353\263\264\354\235\264\354\212\244_\354\213\234\354\225\210/_\353\260\234\355\226\211\354\240\204_\354\212\244\354\203\267_01_\353\250\270\353\246\254\352\260\200_\354\273\244\353\263\264\354\235\264\353\212\224_\354\235\264\354\234\240_\353\263\264\354\235\264\354\212\244\354\213\234\354\225\210.jpg
  - content/shorts/2026-07-16/\353\263\264\354\235\264\354\212\244_\354\213\234\354\225\210/_\353\260\234\355\226\211\354\240\204_\354\212\244\354\203\267_02_\354\236\245\353\247\210\354\262\240_\353\226\241\354\247\220\354\235\230_\354\247\204\353\262\224_\353\263\264\354\235\264\354\212\244\354\213\234\354\225\210.jpg
  - content/shorts/2026-07-16/\353\263\264\354\235\264\354\212\244_\354\213\234\354\225\210/_\353\260\234\355\226\211\354\240\204_\354\212\244\354\203\267_03_\354\210\217\354\273\267\354\235\264_\354\225\210\354\226\264\354\232\270\353\246\254\353\212\224_\354\226\274\352\265\264\354\235\200_\354\227\206\353\213\244_\353\263\264\354\235\264\354\212\244\354\213\234\354\225\210.jpg
  - content/shorts/2026-07-16/\353\263\264\354\235\264\354\212\244_\354\213\234\354\225\210/_\353\260\234\355\226\211\354\240\204_\354\212\244\354\203\267_04_\354\225\214\354\225\204\354\204\234_\355\225\264\354\243\274\354\204\270\354\232\224\354\235\230_\354\247\204\354\247\234\353\234\273_\353\263\264\354\235\264\354\212\244\354\213\234\354\225\210.jpg
  - content/shorts/2026-07-16/\353\263\264\354\235\264\354\212\244_\354\213\234\354\225\210/_\353\260\234\355\226\211\354\240\204_\354\212\244\354\203\267_05_20\353\205\204\354\247\270_\352\260\231\354\235\200\354\235\274\354\235\264_\354\225\210\354\247\200\352\262\250\354\232\264\354\235\264\354\234\240_\353\263\264\354\235\264\354\212\244\354\213\234\354\225\210.jpg
  ... 외 5개
❌ 커밋 실패: ✅ 공유 자원 수정 없음

=== 자동 커밋 (2026-08-15 06:49:40.280458) ===
자동 커밋 대상: 15개
  - _out/\352\262\260\354\235\264\353\266\200\354\212\244\354\212\244_final__M/c2.png
  - _out/\354\227\260\354\236\254_3\355\216\270_\354\265\234\354\213\240.png
  - knowledge/\352\267\234\354\225\275_\354\235\264_\353\260\251\354\235\230_\352\262\275\352\263\204.md
  - _out/\352\262\260\354\235\264\353\266\200\354\212\244\354\212\244_final__M/_\354\273\250\355\203\235\355\212\270\354\213\234\355\212\270.png
  - content/shorts/2026-07-16/\353\263\264\354\235\264\354\212\244_\354\213\234\354\225\210/_review/
  - content/shorts/2026-07-16/\353\263\264\354\235\264\354\212\244_\354\213\234\354\225\210/_\353\260\234\355\226\211\354\240\204_\354\212\244\354\203\267_01_\353\250\270\353\246\254\352\260\200_\354\273\244\353\263\264\354\235\264\353\212\224_\354\235\264\354\234\240_\353\263\264\354\235\264\354\212\244\354\213\234\354\225\210.jpg
  - content/shorts/2026-07-16/\353\263\264\354\235\264\354\212\244_\354\213\234\354\225\210/_\353\260\234\355\226\211\354\240\204_\354\212\244\354\203\267_02_\354\236\245\353\247\210\354\262\240_\353\226\241\354\247\220\354\235\230_\354\247\204\353\262\224_\353\263\264\354\235\264\354\212\244\354\213\234\354\225\210.jpg
  - content/shorts/2026-07-16/\353\263\264\354\235\264\354\212\244_\354\213\234\354\225\210/_\353\260\234\355\226\211\354\240\204_\354\212\244\354\203\267_03_\354\210\217\354\273\267\354\235\264_\354\225\210\354\226\264\354\232\270\353\246\254\353\212\224_\354\226\274\352\265\264\354\235\200_\354\227\206\353\213\244_\353\263\264\354\235\264\354\212\244\354\213\234\354\225\210.jpg
  - content/shorts/2026-07-16/\353\263\264\354\235\264\354\212\244_\354\213\234\354\225\210/_\353\260\234\355\226\211\354\240\204_\354\212\244\354\203\267_04_\354\225\214\354\225\204\354\204\234_\355\225\264\354\243\274\354\204\270\354\232\224\354\235\230_\354\247\204\354\247\234\353\234\273_\353\263\264\354\235\264\354\212\244\354\213\234\354\225\210.jpg
  - content/shorts/2026-07-16/\353\263\264\354\235\264\354\212\244_\354\213\234\354\225\210/_\353\260\234\355\226\211\354\240\204_\354\212\244\354\203\267_05_20\353\205\204\354\247\270_\352\260\231\354\235\200\354\235\274\354\235\264_\354\225\210\354\247\200\352\262\250\354\232\264\354\235\264\354\234\240_\353\263\264\354\235\264\354\212\244\354\213\234\354\225\210.jpg
  ... 외 5개
❌ 커밋 실패: ✅ 공유 자원 수정 없음

=== 자동 커밋 (2026-08-15 07:49:40.788893) ===
자동 커밋 대상: 15개
  - _out/\352\262\260\354\235\264\353\266\200\354\212\244\354\212\244_final__M/c2.png
  - _out/\354\227\260\354\236\254_3\355\216\270_\354\265\234\354\213\240.png
  - knowledge/\352\267\234\354\225\275_\354\235\264_\353\260\251\354\235\230_\352\262\275\352\263\204.md
  - _out/\352\262\260\354\235\264\353\266\200\354\212\244\354\212\244_final__M/_\354\273\250\355\203\235\355\212\270\354\213\234\355\212\270.png
  - content/shorts/2026-07-16/\353\263\264\354\235\264\354\212\244_\354\213\234\354\225\210/_review/
  - content/shorts/2026-07-16/\353\263\264\354\235\264\354\212\244_\354\213\234\354\225\210/_\353\260\234\355\226\211\354\240\204_\354\212\244\354\203\267_01_\353\250\270\353\246\254\352\260\200_\354\273\244\353\263\264\354\235\264\353\212\224_\354\235\264\354\234\240_\353\263\264\354\235\264\354\212\244\354\213\234\354\225\210.jpg
  - content/shorts/2026-07-16/\353\263\264\354\235\264\354\212\244_\354\213\234\354\225\210/_\353\260\234\355\226\211\354\240\204_\354\212\244\354\203\267_02_\354\236\245\353\247\210\354\262\240_\353\226\241\354\247\220\354\235\230_\354\247\204\353\262\224_\353\263\264\354\235\264\354\212\244\354\213\234\354\225\210.jpg
  - content/shorts/2026-07-16/\353\263\264\354\235\264\354\212\244_\354\213\234\354\225\210/_\353\260\234\355\226\211\354\240\204_\354\212\244\354\203\267_03_\354\210\217\354\273\267\354\235\264_\354\225\210\354\226\264\354\232\270\353\246\254\353\212\224_\354\226\274\352\265\264\354\235\200_\354\227\206\353\213\244_\353\263\264\354\235\264\354\212\244\354\213\234\354\225\210.jpg
  - content/shorts/2026-07-16/\353\263\264\354\235\264\354\212\244_\354\213\234\354\225\210/_\353\260\234\355\226\211\354\240\204_\354\212\244\354\203\267_04_\354\225\214\354\225\204\354\204\234_\355\225\264\354\243\274\354\204\270\354\232\224\354\235\230_\354\247\204\354\247\234\353\234\273_\353\263\264\354\235\264\354\212\244\354\213\234\354\225\210.jpg
  - content/shorts/2026-07-16/\353\263\264\354\235\264\354\212\244_\354\213\234\354\225\210/_\353\260\234\355\226\211\354\240\204_\354\212\244\354\203\267_05_20\353\205\204\354\247\270_\352\260\231\354\235\200\354\235\274\354\235\264_\354\225\210\354\247\200\352\262\250\354\232\264\354\235\264\354\234\240_\353\263\264\354\235\264\354\212\244\354\213\234\354\225\210.jpg
  ... 외 5개
❌ 커밋 실패: ✅ 공유 자원 수정 없음

=== 자동 커밋 (2026-08-15 08:49:41.291094) ===
자동 커밋 대상: 15개
  - _out/\352\262\260\354\235\264\353\266\200\354\212\244\354\212\244_final__M/c2.png
  - _out/\354\227\260\354\236\254_3\355\216\270_\354\265\234\354\213\240.png
  - knowledge/\352\267\234\354\225\275_\354\235\264_\353\260\251\354\235\230_\352\262\275\352\263\204.md
  - _out/\352\262\260\354\235\264\353\266\200\354\212\244\354\212\244_final__M/_\354\273\250\355\203\235\355\212\270\354\213\234\355\212\270.png
  - content/shorts/2026-07-16/\353\263\264\354\235\264\354\212\244_\354\213\234\354\225\210/_review/
  - content/shorts/2026-07-16/\353\263\264\354\235\264\354\212\244_\354\213\234\354\225\210/_\353\260\234\355\226\211\354\240\204_\354\212\244\354\203\267_01_\353\250\270\353\246\254\352\260\200_\354\273\244\353\263\264\354\235\264\353\212\224_\354\235\264\354\234\240_\353\263\264\354\235\264\354\212\244\354\213\234\354\225\210.jpg
  - content/shorts/2026-07-16/\353\263\264\354\235\264\354\212\244_\354\213\234\354\225\210/_\353\260\234\355\226\211\354\240\204_\354\212\244\354\203\267_02_\354\236\245\353\247\210\354\262\240_\353\226\241\354\247\220\354\235\230_\354\247\204\353\262\224_\353\263\264\354\235\264\354\212\244\354\213\234\354\225\210.jpg
  - content/shorts/2026-07-16/\353\263\264\354\235\264\354\212\244_\354\213\234\354\225\210/_\353\260\234\355\226\211\354\240\204_\354\212\244\354\203\267_03_\354\210\217\354\273\267\354\235\264_\354\225\210\354\226\264\354\232\270\353\246\254\353\212\224_\354\226\274\352\265\264\354\235\200_\354\227\206\353\213\244_\353\263\264\354\235\264\354\212\244\354\213\234\354\225\210.jpg
  - content/shorts/2026-07-16/\353\263\264\354\235\264\354\212\244_\354\213\234\354\225\210/_\353\260\234\355\226\211\354\240\204_\354\212\244\354\203\267_04_\354\225\214\354\225\204\354\204\234_\355\225\264\354\243\274\354\204\270\354\232\224\354\235\230_\354\247\204\354\247\234\353\234\273_\353\263\264\354\235\264\354\212\244\354\213\234\354\225\210.jpg
  - content/shorts/2026-07-16/\353\263\264\354\235\264\354\212\244_\354\213\234\354\225\210/_\353\260\234\355\226\211\354\240\204_\354\212\244\354\203\267_05_20\353\205\204\354\247\270_\352\260\231\354\235\200\354\235\274\354\235\264_\354\225\210\354\247\200\352\262\250\354\232\264\354\235\264\354\234\240_\353\263\264\354\235\264\354\212\244\354\213\234\354\225\210.jpg
  ... 외 5개
❌ 커밋 실패: ✅ 공유 자원 수정 없음

=== 자동 커밋 (2026-08-15 09:49:41.667289) ===
자동 커밋 대상: 15개
  - _out/\352\262\260\354\235\264\353\266\200\354\212\244\354\212\244_final__M/c2.png
  - _out/\354\227\260\354\236\254_3\355\216\270_\354\265\234\354\213\240.png
  - knowledge/\352\267\234\354\225\275_\354\235\264_\353\260\251\354\235\230_\352\262\275\352\263\204.md
  - _out/\352\262\260\354\235\264\353\266\200\354\212\244\354\212\244_final__M/_\354\273\250\355\203\235\355\212\270\354\213\234\355\212\270.png
  - content/shorts/2026-07-16/\353\263\264\354\235\264\354\212\244_\354\213\234\354\225\210/_review/
  - content/shorts/2026-07-16/\353\263\264\354\235\264\354\212\244_\354\213\234\354\225\210/_\353\260\234\355\226\211\354\240\204_\354\212\244\354\203\267_01_\353\250\270\353\246\254\352\260\200_\354\273\244\353\263\264\354\235\264\353\212\224_\354\235\264\354\234\240_\353\263\264\354\235\264\354\212\244\354\213\234\354\225\210.jpg
  - content/shorts/2026-07-16/\353\263\264\354\235\264\354\212\244_\354\213\234\354\225\210/_\353\260\234\355\226\211\354\240\204_\354\212\244\354\203\267_02_\354\236\245\353\247\210\354\262\240_\353\226\241\354\247\220\354\235\230_\354\247\204\353\262\224_\353\263\264\354\235\264\354\212\244\354\213\234\354\225\210.jpg
  - content/shorts/2026-07-16/\353\263\264\354\235\264\354\212\244_\354\213\234\354\225\210/_\353\260\234\355\226\211\354\240\204_\354\212\244\354\203\267_03_\354\210\217\354\273\267\354\235\264_\354\225\210\354\226\264\354\232\270\353\246\254\353\212\224_\354\226\274\352\265\264\354\235\200_\354\227\206\353\213\244_\353\263\264\354\235\264\354\212\244\354\213\234\354\225\210.jpg
  - content/shorts/2026-07-16/\353\263\264\354\235\264\354\212\244_\354\213\234\354\225\210/_\353\260\234\355\226\211\354\240\204_\354\212\244\354\203\267_04_\354\225\214\354\225\204\354\204\234_\355\225\264\354\243\274\354\204\270\354\232\224\354\235\230_\354\247\204\354\247\234\353\234\273_\353\263\264\354\235\264\354\212\244\354\213\234\354\225\210.jpg
  - content/shorts/2026-07-16/\353\263\264\354\235\264\354\212\244_\354\213\234\354\225\210/_\353\260\234\355\226\211\354\240\204_\354\212\244\354\203\267_05_20\353\205\204\354\247\270_\352\260\231\354\235\200\354\235\274\354\235\264_\354\225\210\354\247\200\352\262\250\354\232\264\354\235\264\354\234\240_\353\263\264\354\235\264\354\212\244\354\213\234\354\225\210.jpg
  ... 외 5개
❌ 커밋 실패: ✅ 공유 자원 수정 없음

=== 자동 커밋 (2026-08-15 10:49:42.329181) ===
자동 커밋 대상: 17개
  - _ROOMS_LOG.md
  - _out/\352\262\260\354\235\264\353\266\200\354\212\244\354\212\244_final__M/c2.png
  - _out/\354\227\260\354\236\254_3\355\216\270_\354\265\234\354\213\240.png
  - knowledge/\352\267\234\352\262\251_\352\262\260\354\235\264\354\227\260\354\236\254_\354\271\264\353\223\234\355\217\274.md
  - knowledge/\352\267\234\354\225\275_\354\235\264_\353\260\251\354\235\230_\352\262\275\352\263\204.md
  - _out/\352\262\260\354\235\264\353\266\200\354\212\244\354\212\244_final__M/_\354\273\250\355\203\235\355\212\270\354\213\234\355\212\270.png
  - content/shorts/2026-07-16/\353\263\264\354\235\264\354\212\244_\354\213\234\354\225\210/_review/
  - content/shorts/2026-07-16/\353\263\264\354\235\264\354\212\244_\354\213\234\354\225\210/_\353\260\234\355\226\211\354\240\204_\354\212\244\354\203\267_01_\353\250\270\353\246\254\352\260\200_\354\273\244\353\263\264\354\235\264\353\212\224_\354\235\264\354\234\240_\353\263\264\354\235\264\354\212\244\354\213\234\354\225\210.jpg
  - content/shorts/2026-07-16/\353\263\264\354\235\264\354\212\244_\354\213\234\354\225\210/_\353\260\234\355\226\211\354\240\204_\354\212\244\354\203\267_02_\354\236\245\353\247\210\354\262\240_\353\226\241\354\247\220\354\235\230_\354\247\204\353\262\224_\353\263\264\354\235\264\354\212\244\354\213\234\354\225\210.jpg
  - content/shorts/2026-07-16/\353\263\264\354\235\264\354\212\244_\354\213\234\354\225\210/_\353\260\234\355\226\211\354\240\204_\354\212\244\354\203\267_03_\354\210\217\354\273\267\354\235\264_\354\225\210\354\226\264\354\232\270\353\246\254\353\212\224_\354\226\274\352\265\264\354\235\200_\354\227\206\353\213\244_\353\263\264\354\235\264\354\212\244\354\213\234\354\225\210.jpg
  ... 외 7개
✅ 커밋 완료: 자동저장 2026-08-15 10:49 (17개 파일)
=== 자동 커밋 (2026-08-15 11:49:42.828665) ===
자동 커밋 대상: 17개
  - _ROOMS_LOG.md
  - _out/\352\262\260\354\235\264\353\266\200\354\212\244\354\212\244_final__M/c2.png
  - _out/\354\227\260\354\236\254_3\355\216\270_\354\265\234\354\213\240.png
  - knowledge/\352\267\234\352\262\251_\352\262\260\354\235\264\354\227\260\354\236\254_\354\271\264\353\223\234\355\217\274.md
  - knowledge/\352\267\234\354\225\275_\354\235\264_\353\260\251\354\235\230_\352\262\275\352\263\204.md
  - _out/\352\262\260\354\235\264\353\266\200\354\212\244\354\212\244_final__M/_\354\273\250\355\203\235\355\212\270\354\213\234\355\212\270.png
  - content/shorts/2026-07-16/\353\263\264\354\235\264\354\212\244_\354\213\234\354\225\210/_review/
  - content/shorts/2026-07-16/\353\263\264\354\235\264\354\212\244_\354\213\234\354\225\210/_\353\260\234\355\226\211\354\240\204_\354\212\244\354\203\267_01_\353\250\270\353\246\254\352\260\200_\354\273\244\353\263\264\354\235\264\353\212\224_\354\235\264\354\234\240_\353\263\264\354\235\264\354\212\244\354\213\234\354\225\210.jpg
  - content/shorts/2026-07-16/\353\263\264\354\235\264\354\212\244_\354\213\234\354\225\210/_\353\260\234\355\226\211\354\240\204_\354\212\244\354\203\267_02_\354\236\245\353\247\210\354\262\240_\353\226\241\354\247\220\354\235\230_\354\247\204\353\262\224_\353\263\264\354\235\264\354\212\244\354\213\234\354\225\210.jpg
  - content/shorts/2026-07-16/\353\263\264\354\235\264\354\212\244_\354\213\234\354\225\210/_\353\260\234\355\226\211\354\240\204_\354\212\244\354\203\267_03_\354\210\217\354\273\267\354\235\264_\354\225\210\354\226\264\354\232\270\353\246\254\353\212\224_\354\226\274\352\265\264\354\235\200_\354\227\206\353\213\244_\353\263\264\354\235\264\354\212\244\354\213\234\354\225\210.jpg
  ... 외 7개
✅ 커밋 완료: 자동저장 2026-08-15 11:49 (17개 파일)
=== 자동 커밋 (2026-08-15 12:49:43.435864) ===
자동 커밋 대상: 30개
  - _ROOMS.md
  - _ROOMS_LOG.md
  - _out/\352\262\260\354\235\264\353\266\200\354\212\244\354\212\244_final__M/c2.png
  - _out/\354\202\254\354\247\204\354\271\264\353\223\234_\355\205\214\354\212\244\355\212\270/amton/_\352\262\200\354\210\230\354\213\234\355\212\270_\354\227\220\354\235\264\354\227\240\355\206\244.jpg
  - _out/\354\202\254\354\247\204\354\271\264\353\223\234_\355\205\214\354\212\244\355\212\270/amton/amton_1.jpg
  - _out/\354\202\254\354\247\204\354\271\264\353\223\234_\355\205\214\354\212\244\355\212\270/amton/amton_2.jpg
  - _out/\354\227\260\354\236\254_3\355\216\270_\354\265\234\354\213\240.png
  - content/amton/_smoke_20260815.json
  - knowledge/\352\267\234\352\262\251_\352\262\260\354\235\264\354\227\260\354\236\254_\354\271\264\353\223\234\355\217\274.md
  - knowledge/\352\267\234\352\262\251_\354\227\220\354\235\264\354\227\240\355\206\244\354\213\235_\354\242\214\355\225\230\353\213\250\353\221\220\354\244\204_v1.md
  ... 외 20개
❌ 커밋 실패: fatal: Unable to create '/Users/chanho/atnown-content-pipeline/.git/index.lock': File exists.

Another git process seems to be running in this repository, e.g.
an editor opened by 'git commit'. Please make sure all processes
are terminated then try again. If it still fails, a git process
may have crashed in this repository earlier:
remove the file manually to continue.

=== 자동 커밋 (2026-08-15 13:49:44.332124) ===
자동 커밋 대상: 17개
  - _out/\352\262\260\354\235\264\353\266\200\354\212\244\354\212\244_final__M/c2.png
  - _out/\354\227\260\354\236\254_3\355\216\270_\354\265\234\354\213\240.png
  - knowledge/\352\267\234\352\262\251_\352\262\260\354\235\264\354\227\260\354\236\254_\354\271\264\353\223\234\355\217\274.md
  - knowledge/\352\267\234\352\262\251_\354\227\220\354\235\264\354\227\240\355\206\244\354\213\235_\354\242\214\355\225\230\353\213\250\353\221\220\354\244\204_v1.md
  - knowledge/\352\267\234\354\225\275_\354\235\264_\353\260\251\354\235\230_\352\262\275\352\263\204.md
  - knowledge/\354\260\275\354\227\275_\354\273\250\354\205\211\354\207\274\354\270\240_v2_\353\247\201\355\201\254.md
  - scripts/cards/amton_post.py
  - scripts/cards/nakta_gate.py
  - _out/blog/
  - _out/shorts/
  ... 외 7개
✅ 커밋 완료: 자동저장 2026-08-15 13:49 (17개 파일)
=== 자동 커밋 (2026-08-15 14:49:44.817839) ===
자동 커밋 대상: 13개
  - _out/\352\262\260\354\235\264\353\266\200\354\212\244\354\212\244_final__M/c2.png
  - _out/\354\227\260\354\236\254_3\355\216\270_\354\265\234\354\213\240.png
  - knowledge/\352\267\234\352\262\251_\352\262\260\354\235\264\354\227\260\354\236\254_\354\271\264\353\223\234\355\217\274.md
  - knowledge/\352\267\234\352\262\251_\354\227\220\354\235\264\354\227\240\355\206\244\354\213\235_\354\242\214\355\225\230\353\213\250\353\221\220\354\244\204_v1.md
  - knowledge/\352\267\234\354\225\275_\354\235\264_\353\260\251\354\235\230_\352\262\275\352\263\204.md
  - knowledge/\354\260\275\354\227\275_\354\273\250\354\205\211\354\207\274\354\270\240_v2_\353\247\201\355\201\254.md
  - _out/\352\262\260\354\235\264\353\266\200\354\212\244\354\212\244_final__M/_\354\273\250\355\203\235\355\212\270\354\213\234\355\212\270.png
  - _out/\352\265\220\354\234\241/
  - _out/\353\202\231\355\203\200/
  - _out/\353\247\214\355\231\224/
  ... 외 3개
❌ 커밋 실패: 
=== 자동 커밋 (2026-08-15 15:49:45.374525) ===
자동 커밋 대상: 13개
  - _out/\352\262\260\354\235\264\353\266\200\354\212\244\354\212\244_final__M/c2.png
  - _out/\354\227\260\354\236\254_3\355\216\270_\354\265\234\354\213\240.png
  - knowledge/\352\267\234\352\262\251_\352\262\260\354\235\264\354\227\260\354\236\254_\354\271\264\353\223\234\355\217\274.md
  - knowledge/\352\267\234\352\262\251_\354\227\220\354\235\264\354\227\240\355\206\244\354\213\235_\354\242\214\355\225\230\353\213\250\353\221\220\354\244\204_v1.md
  - knowledge/\352\267\234\354\225\275_\354\235\264_\353\260\251\354\235\230_\352\262\275\352\263\204.md
  - knowledge/\354\260\275\354\227\275_\354\273\250\354\205\211\354\207\274\354\270\240_v2_\353\247\201\355\201\254.md
  - _out/\352\262\260\354\235\264\353\266\200\354\212\244\354\212\244_final__M/_\354\273\250\355\203\235\355\212\270\354\213\234\355\212\270.png
  - _out/\352\265\220\354\234\241/
  - _out/\353\202\231\355\203\200/
  - _out/\353\247\214\355\231\224/
  ... 외 3개
❌ 커밋 실패: 
=== 자동 커밋 (2026-08-15 16:49:45.856827) ===
자동 커밋 대상: 13개
  - _out/\352\262\260\354\235\264\353\266\200\354\212\244\354\212\244_final__M/c2.png
  - _out/\354\227\260\354\236\254_3\355\216\270_\354\265\234\354\213\240.png
  - knowledge/\352\267\234\352\262\251_\352\262\260\354\235\264\354\227\260\354\236\254_\354\271\264\353\223\234\355\217\274.md
  - knowledge/\352\267\234\352\262\251_\354\227\220\354\235\264\354\227\240\355\206\244\354\213\235_\354\242\214\355\225\230\353\213\250\353\221\220\354\244\204_v1.md
  - knowledge/\352\267\234\354\225\275_\354\235\264_\353\260\251\354\235\230_\352\262\275\352\263\204.md
  - knowledge/\354\260\275\354\227\275_\354\273\250\354\205\211\354\207\274\354\270\240_v2_\353\247\201\355\201\254.md
  - _out/\352\262\260\354\235\264\353\266\200\354\212\244\354\212\244_final__M/_\354\273\250\355\203\235\355\212\270\354\213\234\355\212\270.png
  - _out/\352\265\220\354\234\241/
  - _out/\353\202\231\355\203\200/
  - _out/\353\247\214\355\231\224/
  ... 외 3개
❌ 커밋 실패: 
=== 자동 커밋 (2026-08-15 17:49:46.353680) ===
자동 커밋 대상: 16개
  - _out/\352\262\260\354\235\264\353\266\200\354\212\244\354\212\244_final__M/c2.png
  - _out/\354\227\260\354\236\254_3\355\216\270_\354\265\234\354\213\240.png
  - knowledge/\352\267\234\352\262\251_\352\262\260\354\235\264\354\227\260\354\236\254_\354\271\264\353\223\234\355\217\274.md
  - knowledge/\352\267\234\352\262\251_\354\227\220\354\235\264\354\227\240\355\206\244\354\213\235_\354\242\214\355\225\230\353\213\250\353\221\220\354\244\204_v1.md
  - knowledge/\352\267\234\354\225\275_\354\235\264_\353\260\251\354\235\230_\352\262\275\352\263\204.md
  - knowledge/\354\260\275\354\227\275_\354\273\250\354\205\211\354\207\274\354\270\240_v2_\353\247\201\355\201\254.md
  - _out/\352\262\260\354\235\264\353\266\200\354\212\244\354\212\244_final__M/_\354\273\250\355\203\235\355\212\270\354\213\234\355\212\270.png
  - _out/\352\265\220\354\234\241/
  - _out/\353\202\231\355\203\200/
  - _out/\353\247\214\355\231\224/
  ... 외 6개
✅ 커밋 완료: 자동저장 2026-08-15 17:49 (16개 파일)
=== 자동 커밋 (2026-08-15 18:49:46.733130) ===
자동 커밋 대상: 16개
  - _out/\352\262\260\354\235\264\353\266\200\354\212\244\354\212\244_final__M/c2.png
  - _out/\354\227\260\354\236\254_3\355\216\270_\354\265\234\354\213\240.png
  - knowledge/\352\267\234\352\262\251_\352\262\260\354\235\264\354\227\260\354\236\254_\354\271\264\353\223\234\355\217\274.md
  - knowledge/\352\267\234\352\262\251_\354\227\220\354\235\264\354\227\240\355\206\244\354\213\235_\354\242\214\355\225\230\353\213\250\353\221\220\354\244\204_v1.md
  - knowledge/\352\267\234\354\225\275_\354\235\264_\353\260\251\354\235\230_\352\262\275\352\263\204.md
  - knowledge/\354\260\275\354\227\275_\354\273\250\354\205\211\354\207\274\354\270\240_v2_\353\247\201\355\201\254.md
  - _out/\352\262\260\354\235\264\353\266\200\354\212\244\354\212\244_final__M/_\354\273\250\355\203\235\355\212\270\354\213\234\355\212\270.png
  - _out/\352\265\220\354\234\241/
  - _out/\353\202\231\355\203\200/
  - _out/\353\247\214\355\231\224/
  ... 외 6개
✅ 커밋 완료: 자동저장 2026-08-15 18:49 (16개 파일)
=== 자동 커밋 (2026-08-15 19:49:47.164196) ===
자동 커밋 대상: 14개
  - _out/\352\262\260\354\235\264\353\266\200\354\212\244\354\212\244_final__M/c2.png
  - _out/\354\227\260\354\236\254_3\355\216\270_\354\265\234\354\213\240.png
  - knowledge/\352\267\234\352\262\251_\352\262\260\354\235\264\354\227\260\354\236\254_\354\271\264\353\223\234\355\217\274.md
  - knowledge/\352\267\234\352\262\251_\354\227\220\354\235\264\354\227\240\355\206\244\354\213\235_\354\242\214\355\225\230\353\213\250\353\221\220\354\244\204_v1.md
  - knowledge/\352\267\234\354\225\275_\354\235\264_\353\260\251\354\235\230_\352\262\275\352\263\204.md
  - knowledge/\354\260\275\354\227\275_\354\273\250\354\205\211\354\207\274\354\270\240_v2_\353\247\201\355\201\254.md
  - _out/\352\262\260\354\235\264\353\266\200\354\212\244\354\212\244_final__M/_\354\273\250\355\203\235\355\212\270\354\213\234\355\212\270.png
  - _out/\352\265\220\354\234\241/
  - _out/\353\202\231\355\203\200/
  - _out/\353\247\214\355\231\224/
  ... 외 4개
❌ 커밋 실패: 
=== 자동 커밋 (2026-08-15 20:49:47.872431) ===
자동 커밋 대상: 14개
  - _out/\352\262\260\354\235\264\353\266\200\354\212\244\354\212\244_final__M/c2.png
  - _out/\354\227\260\354\236\254_3\355\216\270_\354\265\234\354\213\240.png
  - knowledge/\352\267\234\352\262\251_\352\262\260\354\235\264\354\227\260\354\236\254_\354\271\264\353\223\234\355\217\274.md
  - knowledge/\352\267\234\352\262\251_\354\227\220\354\235\264\354\227\240\355\206\244\354\213\235_\354\242\214\355\225\230\353\213\250\353\221\220\354\244\204_v1.md
  - knowledge/\352\267\234\354\225\275_\354\235\264_\353\260\251\354\235\230_\352\262\275\352\263\204.md
  - knowledge/\354\260\275\354\227\275_\354\273\250\354\205\211\354\207\274\354\270\240_v2_\353\247\201\355\201\254.md
  - _out/\352\262\260\354\235\264\353\266\200\354\212\244\354\212\244_final__M/_\354\273\250\355\203\235\355\212\270\354\213\234\355\212\270.png
  - _out/\352\265\220\354\234\241/
  - _out/\353\202\231\355\203\200/
  - _out/\353\247\214\355\231\224/
  ... 외 4개
❌ 커밋 실패: 
=== 자동 커밋 (2026-08-15 21:49:48.282126) ===
자동 커밋 대상: 15개
  - _out/\352\262\260\354\235\264\353\266\200\354\212\244\354\212\244_final__M/c2.png
  - _out/\354\227\260\354\236\254_3\355\216\270_\354\265\234\354\213\240.png
  - knowledge/\352\267\234\352\262\251_\352\262\260\354\235\264\354\227\260\354\236\254_\354\271\264\353\223\234\355\217\274.md
  - knowledge/\352\267\234\352\262\251_\354\227\220\354\235\264\354\227\240\355\206\244\354\213\235_\354\242\214\355\225\230\353\213\250\353\221\220\354\244\204_v1.md
  - knowledge/\352\267\234\354\225\275_\354\235\264_\353\260\251\354\235\230_\352\262\275\352\263\204.md
  - knowledge/\354\260\275\354\227\275_\354\273\250\354\205\211\354\207\274\354\270\240_v2_\353\247\201\355\201\254.md
  - _out/\352\262\260\354\235\264\353\266\200\354\212\244\354\212\244_final__M/_\354\273\250\355\203\235\355\212\270\354\213\234\355\212\270.png
  - _out/\352\265\220\354\234\241/
  - _out/\353\202\231\355\203\200/
  - _out/\353\247\214\355\231\224/
  ... 외 5개
❌ 커밋 실패: 
=== 자동 커밋 (2026-08-15 22:49:48.760451) ===
자동 커밋 대상: 15개
  - _out/\352\262\260\354\235\264\353\266\200\354\212\244\354\212\244_final__M/c2.png
  - _out/\354\227\260\354\236\254_3\355\216\270_\354\265\234\354\213\240.png
  - knowledge/\352\267\234\352\262\251_\352\262\260\354\235\264\354\227\260\354\236\254_\354\271\264\353\223\234\355\217\274.md
  - knowledge/\352\267\234\352\262\251_\354\227\220\354\235\264\354\227\240\355\206\244\354\213\235_\354\242\214\355\225\230\353\213\250\353\221\220\354\244\204_v1.md
  - knowledge/\352\267\234\354\225\275_\354\235\264_\353\260\251\354\235\230_\352\262\275\352\263\204.md
  - knowledge/\354\260\275\354\227\275_\354\273\250\354\205\211\354\207\274\354\270\240_v2_\353\247\201\355\201\254.md
  - _out/\352\262\260\354\235\264\353\266\200\354\212\244\354\212\244_final__M/_\354\273\250\355\203\235\355\212\270\354\213\234\355\212\270.png
  - _out/\352\265\220\354\234\241/
  - _out/\353\202\231\355\203\200/
  - _out/\353\247\214\355\231\224/
  ... 외 5개
❌ 커밋 실패: 
=== 자동 커밋 (2026-08-15 23:49:47.283982) ===
자동 커밋 대상: 15개
  - _out/\352\262\260\354\235\264\353\266\200\354\212\244\354\212\244_final__M/c2.png
  - _out/\354\227\260\354\236\254_3\355\216\270_\354\265\234\354\213\240.png
  - knowledge/\352\267\234\352\262\251_\352\262\260\354\235\264\354\227\260\354\236\254_\354\271\264\353\223\234\355\217\274.md
  - knowledge/\352\267\234\352\262\251_\354\227\220\354\235\264\354\227\240\355\206\244\354\213\235_\354\242\214\355\225\230\353\213\250\353\221\220\354\244\204_v1.md
  - knowledge/\352\267\234\354\225\275_\354\235\264_\353\260\251\354\235\230_\352\262\275\352\263\204.md
  - knowledge/\354\260\275\354\227\275_\354\273\250\354\205\211\354\207\274\354\270\240_v2_\353\247\201\355\201\254.md
  - _out/\352\262\260\354\235\264\353\266\200\354\212\244\354\212\244_final__M/_\354\273\250\355\203\235\355\212\270\354\213\234\355\212\270.png
  - _out/\352\265\220\354\234\241/
  - _out/\353\202\231\355\203\200/
  - _out/\353\247\214\355\231\224/
  ... 외 5개
❌ 커밋 실패: 
=== 자동 커밋 (2026-08-16 00:49:47.790098) ===
자동 커밋 대상: 15개
  - _out/\352\262\260\354\235\264\353\266\200\354\212\244\354\212\244_final__M/c2.png
  - _out/\354\227\260\354\236\254_3\355\216\270_\354\265\234\354\213\240.png
  - knowledge/\352\267\234\352\262\251_\352\262\260\354\235\264\354\227\260\354\236\254_\354\271\264\353\223\234\355\217\274.md
  - knowledge/\352\267\234\352\262\251_\354\227\220\354\235\264\354\227\240\355\206\244\354\213\235_\354\242\214\355\225\230\353\213\250\353\221\220\354\244\204_v1.md
  - knowledge/\352\267\234\354\225\275_\354\235\264_\353\260\251\354\235\230_\352\262\275\352\263\204.md
  - knowledge/\354\260\275\354\227\275_\354\273\250\354\205\211\354\207\274\354\270\240_v2_\353\247\201\355\201\254.md
  - _out/\352\262\260\354\235\264\353\266\200\354\212\244\354\212\244_final__M/_\354\273\250\355\203\235\355\212\270\354\213\234\355\212\270.png
  - _out/\352\265\220\354\234\241/
  - _out/\353\202\231\355\203\200/
  - _out/\353\247\214\355\231\224/
  ... 외 5개
❌ 커밋 실패: 
=== 자동 커밋 (2026-08-16 01:49:50.295191) ===
자동 커밋 대상: 22개
  - _ROOMS_LOG.md
  - _out/\352\262\260\354\235\264\353\266\200\354\212\244\354\212\244_final__M/c2.png
  - _out/\354\227\260\354\236\254_3\355\216\270_\354\265\234\354\213\240.png
  - content/blog/\354\233\220\352\263\240/20260815_\354\230\210\354\201\2501\355\216\270_\354\230\210\354\201\230\353\213\244\353\212\224\352\261\264\353\255\230\352\271\214.txt
  - knowledge/\352\267\234\352\262\251_\352\262\260\354\235\264\354\227\260\354\236\254_\354\271\264\353\223\234\355\217\274.md
  - knowledge/\352\267\234\352\262\251_\353\202\231\355\203\200\355\230\225\354\236\220\353\247\211\353\260\224_\354\273\250\355\205\220\354\270\240_\354\240\225\353\263\270.md
  - knowledge/\352\267\234\352\262\251_\354\227\220\354\235\264\354\227\240\355\206\244\354\213\235_\354\242\214\355\225\230\353\213\250\353\221\220\354\244\204_v1.md
  - knowledge/\352\267\234\354\225\275_\354\235\264_\353\260\251\354\235\230_\352\262\275\352\263\204.md
  - knowledge/\354\260\275\354\227\275_\354\273\250\354\205\211\354\207\274\354\270\240_v2_\353\247\201\355\201\254.md
  - scripts/naver_blog_save.mjs
  ... 외 12개
✅ 커밋 완료: 자동저장 2026-08-16 01:49 (22개 파일)
=== 자동 커밋 (2026-08-16 02:49:50.990669) ===
자동 커밋 대상: 32개
  - _ROOMS_LOG.md
  - _out/\352\262\260\354\235\264\353\266\200\354\212\244\354\212\244_final__M/c2.png
  - _out/\354\227\260\354\236\254_3\355\216\270_\354\265\234\354\213\240.png
  - _publish_jobs/blog_parsed/20260815_\353\221\220\354\203\201_\354\204\270\353\240\250\353\257\270/meta.json
  - content/blog/\354\233\220\352\263\240/20260815_\354\230\210\354\201\2501\355\216\270_\354\230\210\354\201\230\353\213\244\353\212\224\352\261\264\353\255\230\352\271\214.txt
  - content/\352\265\220\354\234\241/\354\225\263\353\202\230\354\232\264_\354\204\261\354\236\245\353\217\204\352\260\220.html
  - knowledge/\352\267\234\352\262\251_\352\262\260\354\235\264\354\227\260\354\236\254_\354\271\264\353\223\234\355\217\274.md
  - knowledge/\352\267\234\352\262\251_\353\202\231\355\203\200\355\230\225\354\236\220\353\247\211\353\260\224_\354\273\250\355\205\220\354\270\240_\354\240\225\353\263\270.md
  - knowledge/\352\267\234\352\262\251_\354\227\220\354\235\264\354\227\240\355\206\244\354\213\235_\354\242\214\355\225\230\353\213\250\353\221\220\354\244\204_v1.md
  - knowledge/\352\267\234\354\225\275_\354\235\264_\353\260\251\354\235\230_\352\262\275\352\263\204.md
  ... 외 22개
✅ 커밋 완료: 자동저장 2026-08-16 02:49 (32개 파일)
=== 자동 커밋 (2026-08-16 03:49:51.820778) ===
자동 커밋 대상: 25개
  - _ROOMS.md
  - _ROOMS_LOG.md
  - _out/\352\262\260\354\235\264\353\266\200\354\212\244\354\212\244_final__M/c2.png
  - _out/\354\227\260\354\236\254_3\355\216\270_\354\265\234\354\213\240.png
  - _publish_jobs/blog_parsed/20260815_\353\221\220\354\203\201_\354\204\270\353\240\250\353\257\270/meta.json
  - content/blog/\354\233\220\352\263\240/20260815_\354\230\210\354\201\2501\355\216\270_\354\230\210\354\201\230\353\213\244\353\212\224\352\261\264\353\255\230\352\271\214.txt
  - content/manifests/AI\354\235\274\352\270\260_2\355\216\270_\354\273\267\353\247\244\353\213\210\355\216\230\354\212\244\355\212\270_2026-08-15.md
  - content/\352\265\220\354\234\241/\354\225\263\353\202\230\354\232\264_\354\204\261\354\236\245\353\217\204\352\260\220.html
  - knowledge/\354\234\240\355\212\234\353\270\214_\354\230\210\354\225\275\355\230\204\355\231\251.md
  - knowledge/\354\260\275\354\227\275_\354\273\250\354\205\211\354\207\274\354\270\240_v2_\353\247\201\355\201\254.md
  ... 외 15개
✅ 커밋 완료: 자동저장 2026-08-16 03:49 (25개 파일)
=== 자동 커밋 (2026-08-16 04:49:52.486432) ===
자동 커밋 대상: 23개
  - _out/\352\262\260\354\235\264\353\266\200\354\212\244\354\212\244_final__M/c2.png
  - _out/\354\227\260\354\236\254_3\355\216\270_\354\265\234\354\213\240.png
  - _publish_jobs/blog_parsed/20260815_\353\221\220\354\203\201_\354\204\270\353\240\250\353\257\270/meta.json
  - content/blog/\354\233\220\352\263\240/20260815_\354\230\210\354\201\2501\355\216\270_\354\230\210\354\201\230\353\213\244\353\212\224\352\261\264\353\255\230\352\271\214.txt
  - content/manifests/AI\354\235\274\352\270\260_2\355\216\270_\354\273\267\353\247\244\353\213\210\355\216\230\354\212\244\355\212\270_2026-08-15.md
  - content/\352\265\220\354\234\241/\354\225\263\353\202\230\354\232\264_\354\204\261\354\236\245\353\217\204\352\260\220.html
  - knowledge/\354\234\240\355\212\234\353\270\214_\354\230\210\354\225\275\355\230\204\355\231\251.md
  - knowledge/\354\260\275\354\227\275_\354\273\250\354\205\211\354\207\274\354\270\240_v2_\353\247\201\355\201\254.md
  - _out/\352\262\260\354\235\264\353\266\200\354\212\244\354\212\244_final__M/_\354\273\250\355\203\235\355\212\270\354\213\234\355\212\270.png
  - _out/\352\262\260\354\235\264\354\225\205\354\204\261\352\263\261\354\212\254_final__M/
  ... 외 13개
❌ 커밋 실패: 
=== 자동 커밋 (2026-08-16 05:49:53.259292) ===
자동 커밋 대상: 23개
  - _out/\352\262\260\354\235\264\353\266\200\354\212\244\354\212\244_final__M/c2.png
  - _out/\354\227\260\354\236\254_3\355\216\270_\354\265\234\354\213\240.png
  - _publish_jobs/blog_parsed/20260815_\353\221\220\354\203\201_\354\204\270\353\240\250\353\257\270/meta.json
  - content/blog/\354\233\220\352\263\240/20260815_\354\230\210\354\201\2501\355\216\270_\354\230\210\354\201\230\353\213\244\353\212\224\352\261\264\353\255\230\352\271\214.txt
  - content/manifests/AI\354\235\274\352\270\260_2\355\216\270_\354\273\267\353\247\244\353\213\210\355\216\230\354\212\244\355\212\270_2026-08-15.md
  - content/\352\265\220\354\234\241/\354\225\263\353\202\230\354\232\264_\354\204\261\354\236\245\353\217\204\352\260\220.html
  - knowledge/\354\234\240\355\212\234\353\270\214_\354\230\210\354\225\275\355\230\204\355\231\251.md
  - knowledge/\354\260\275\354\227\275_\354\273\250\354\205\211\354\207\274\354\270\240_v2_\353\247\201\355\201\254.md
  - _out/\352\262\260\354\235\264\353\266\200\354\212\244\354\212\244_final__M/_\354\273\250\355\203\235\355\212\270\354\213\234\355\212\270.png
  - _out/\352\262\260\354\235\264\354\225\205\354\204\261\352\263\261\354\212\254_final__M/
  ... 외 13개
❌ 커밋 실패: 
=== 자동 커밋 (2026-08-16 06:49:53.894653) ===
자동 커밋 대상: 23개
  - _out/\352\262\260\354\235\264\353\266\200\354\212\244\354\212\244_final__M/c2.png
  - _out/\354\227\260\354\236\254_3\355\216\270_\354\265\234\354\213\240.png
  - _publish_jobs/blog_parsed/20260815_\353\221\220\354\203\201_\354\204\270\353\240\250\353\257\270/meta.json
  - content/blog/\354\233\220\352\263\240/20260815_\354\230\210\354\201\2501\355\216\270_\354\230\210\354\201\230\353\213\244\353\212\224\352\261\264\353\255\230\352\271\214.txt
  - content/manifests/AI\354\235\274\352\270\260_2\355\216\270_\354\273\267\353\247\244\353\213\210\355\216\230\354\212\244\355\212\270_2026-08-15.md
  - content/\352\265\220\354\234\241/\354\225\263\353\202\230\354\232\264_\354\204\261\354\236\245\353\217\204\352\260\220.html
  - knowledge/\354\234\240\355\212\234\353\270\214_\354\230\210\354\225\275\355\230\204\355\231\251.md
  - knowledge/\354\260\275\354\227\275_\354\273\250\354\205\211\354\207\274\354\270\240_v2_\353\247\201\355\201\254.md
  - _out/\352\262\260\354\235\264\353\266\200\354\212\244\354\212\244_final__M/_\354\273\250\355\203\235\355\212\270\354\213\234\355\212\270.png
  - _out/\352\262\260\354\235\264\354\225\205\354\204\261\352\263\261\354\212\254_final__M/
  ... 외 13개
❌ 커밋 실패: 
=== 자동 커밋 (2026-08-16 07:49:54.528740) ===
자동 커밋 대상: 23개
  - _out/\352\262\260\354\235\264\353\266\200\354\212\244\354\212\244_final__M/c2.png
  - _out/\354\227\260\354\236\254_3\355\216\270_\354\265\234\354\213\240.png
  - _publish_jobs/blog_parsed/20260815_\353\221\220\354\203\201_\354\204\270\353\240\250\353\257\270/meta.json
  - content/blog/\354\233\220\352\263\240/20260815_\354\230\210\354\201\2501\355\216\270_\354\230\210\354\201\230\353\213\244\353\212\224\352\261\264\353\255\230\352\271\214.txt
  - content/manifests/AI\354\235\274\352\270\260_2\355\216\270_\354\273\267\353\247\244\353\213\210\355\216\230\354\212\244\355\212\270_2026-08-15.md
  - content/\352\265\220\354\234\241/\354\225\263\353\202\230\354\232\264_\354\204\261\354\236\245\353\217\204\352\260\220.html
  - knowledge/\354\234\240\355\212\234\353\270\214_\354\230\210\354\225\275\355\230\204\355\231\251.md
  - knowledge/\354\260\275\354\227\275_\354\273\250\354\205\211\354\207\274\354\270\240_v2_\353\247\201\355\201\254.md
  - _out/\352\262\260\354\235\264\353\266\200\354\212\244\354\212\244_final__M/_\354\273\250\355\203\235\355\212\270\354\213\234\355\212\270.png
  - _out/\352\262\260\354\235\264\354\225\205\354\204\261\352\263\261\354\212\254_final__M/
  ... 외 13개
❌ 커밋 실패: 
=== 자동 커밋 (2026-08-16 08:49:55.286612) ===
자동 커밋 대상: 24개
  - _ROOMS_LOG.md
  - _out/\352\262\260\354\235\264\353\266\200\354\212\244\354\212\244_final__M/c2.png
  - _out/\354\227\260\354\236\254_3\355\216\270_\354\265\234\354\213\240.png
  - _publish_jobs/blog_parsed/20260815_\353\221\220\354\203\201_\354\204\270\353\240\250\353\257\270/meta.json
  - content/blog/\354\233\220\352\263\240/20260815_\354\230\210\354\201\2501\355\216\270_\354\230\210\354\201\230\353\213\244\353\212\224\352\261\264\353\255\230\352\271\214.txt
  - content/manifests/AI\354\235\274\352\270\260_2\355\216\270_\354\273\267\353\247\244\353\213\210\355\216\230\354\212\244\355\212\270_2026-08-15.md
  - content/\352\265\220\354\234\241/\354\225\263\353\202\230\354\232\264_\354\204\261\354\236\245\353\217\204\352\260\220.html
  - knowledge/\354\234\240\355\212\234\353\270\214_\354\230\210\354\225\275\355\230\204\355\231\251.md
  - knowledge/\354\260\275\354\227\275_\354\273\250\354\205\211\354\207\274\354\270\240_v2_\353\247\201\355\201\254.md
  - _out/\352\262\260\354\235\264\353\266\200\354\212\244\354\212\244_final__M/_\354\273\250\355\203\235\355\212\270\354\213\234\355\212\270.png
  ... 외 14개
✅ 커밋 완료: 자동저장 2026-08-16 08:49 (24개 파일)
=== 자동 커밋 (2026-08-16 09:49:55.891793) ===
자동 커밋 대상: 26개
  - _ROOMS_LOG.md
  - _out/\352\262\260\354\235\264\353\266\200\354\212\244\354\212\244_final__M/c2.png
  - _out/\354\227\260\354\236\254_3\355\216\270_\354\265\234\354\213\240.png
  - _publish_jobs/blog_parsed/20260815_\353\221\220\354\203\201_\354\204\270\353\240\250\353\257\270/meta.json
  - content/blog/\354\233\220\352\263\240/20260815_\354\230\210\354\201\2501\355\216\270_\354\230\210\354\201\230\353\213\244\353\212\224\352\261\264\353\255\230\352\271\214.txt
  - content/manifests/AI\354\235\274\352\270\260_2\355\216\270_\354\273\267\353\247\244\353\213\210\355\216\230\354\212\244\355\212\270_2026-08-15.md
  - content/\352\265\220\354\234\241/\354\225\263\353\202\230\354\232\264_\354\204\261\354\236\245\353\217\204\352\260\220.html
  - knowledge/\352\267\234\352\262\251_AI\354\235\274\352\270\260_\354\213\234\353\246\254\354\246\210_\353\240\214\353\215\224\353\240\210\354\213\234\355\224\274.md
  - knowledge/\352\267\234\352\262\251_\354\235\274\352\270\260\355\230\225\354\207\274\354\270\240_\354\240\225\353\263\270.md
  - knowledge/\354\234\240\355\212\234\353\270\214_\354\230\210\354\225\275\355\230\204\355\231\251.md
  ... 외 16개
✅ 커밋 완료: 자동저장 2026-08-16 09:49 (26개 파일)
=== 자동 커밋 (2026-08-16 10:49:56.699391) ===
자동 커밋 대상: 30개
  - _ROOMS_LOG.md
  - _out/\352\262\260\354\235\264\353\266\200\354\212\244\354\212\244_final__M/c2.png
  - _out/\354\227\260\354\236\254_3\355\216\270_\354\265\234\354\213\240.png
  - _publish_jobs/blog_parsed/20260815_\353\221\220\354\203\201_\354\204\270\353\240\250\353\257\270/meta.json
  - content/blog/\354\233\220\352\263\240/20260815_\354\230\210\354\201\2501\355\216\270_\354\230\210\354\201\230\353\213\244\353\212\224\352\261\264\353\255\230\352\271\214.txt
  - content/manifests/AI\354\235\274\352\270\260_2\355\216\270_\354\273\267\353\247\244\353\213\210\355\216\230\354\212\244\355\212\270_2026-08-15.md
  - content/\352\265\220\354\234\241/2026-07-23_\352\265\220\354\234\241\354\213\234\354\212\244\355\205\234_\354\240\225\353\263\270/\352\265\220\354\234\241\353\260\260\353\266\204_\354\272\230\353\246\260\353\215\224_2026H2.html
  - content/\352\265\220\354\234\241/\354\225\263\353\202\230\354\232\264_\354\204\261\354\236\245\353\217\204\352\260\220.html
  - knowledge/\352\267\234\352\262\251_AI\354\235\274\352\270\260_\354\213\234\353\246\254\354\246\210_\353\240\214\353\215\224\353\240\210\354\213\234\355\224\274.md
  - knowledge/\352\267\234\352\262\251_\354\235\274\352\270\260\355\230\225\354\207\274\354\270\240_\354\240\225\353\263\270.md
  ... 외 20개
✅ 커밋 완료: 자동저장 2026-08-16 10:49 (30개 파일)
=== 자동 커밋 (2026-08-16 11:49:57.501348) ===
자동 커밋 대상: 31개
  - _ROOMS_LOG.md
  - _out/\352\262\260\354\235\264\353\266\200\354\212\244\354\212\244_final__M/c2.png
  - _out/\354\227\260\354\236\254_3\355\216\270_\354\265\234\354\213\240.png
  - _publish_jobs/blog_parsed/20260815_\353\221\220\354\203\201_\354\204\270\353\240\250\353\257\270/meta.json
  - content/blog/\354\233\220\352\263\240/20260815_\354\230\210\354\201\2501\355\216\270_\354\230\210\354\201\230\353\213\244\353\212\224\352\261\264\353\255\230\352\271\214.txt
  - content/manifests/AI\354\235\274\352\270\260_2\355\216\270_\354\273\267\353\247\244\353\213\210\355\216\230\354\212\244\355\212\270_2026-08-15.md
  - content/\352\265\220\354\234\241/2026-07-23_\352\265\220\354\234\241\354\213\234\354\212\244\355\205\234_\354\240\225\353\263\270/\352\265\220\354\234\241\353\260\260\353\266\204_\354\272\230\353\246\260\353\215\224_2026H2.html
  - content/\352\265\220\354\234\241/\354\225\263\353\202\230\354\232\264_\354\204\261\354\236\245\353\217\204\352\260\220.html
  - knowledge/\352\267\234\352\262\251_AI\354\235\274\352\270\260_\354\213\234\353\246\254\354\246\210_\353\240\214\353\215\224\353\240\210\354\213\234\355\224\274.md
  - knowledge/\354\234\240\355\212\234\353\270\214_\354\230\210\354\225\275\355\230\204\355\231\251.md
  ... 외 21개
✅ 커밋 완료: 자동저장 2026-08-16 11:49 (31개 파일)
=== 자동 커밋 (2026-08-16 12:49:58.315666) ===
자동 커밋 대상: 38개
  - _ROOMS_LOG.md
  - _out/\352\262\260\354\235\264\353\266\200\354\212\244\354\212\244_final__M/c2.png
  - _out/\354\227\260\354\236\254_3\355\216\270_\354\265\234\354\213\240.png
  - _publish_jobs/blog_parsed/20260815_\353\221\220\354\203\201_\354\204\270\353\240\250\353\257\270/meta.json
  - content/blog/\354\233\220\352\263\240/20260815_\354\230\210\354\201\2501\355\216\270_\354\230\210\354\201\230\353\213\244\353\212\224\352\261\264\353\255\230\352\271\214.txt
  - content/manifests/AI\354\235\274\352\270\260_2\355\216\270_\354\273\267\353\247\244\353\213\210\355\216\230\354\212\244\355\212\270_2026-08-15.md
  - content/\352\265\220\354\234\241/2026-07-23_\352\265\220\354\234\241\354\213\234\354\212\244\355\205\234_\354\240\225\353\263\270/\352\265\220\354\234\241\353\260\260\353\266\204_\354\272\230\353\246\260\353\215\224_2026H2.html
  - content/\352\265\220\354\234\241/\354\225\263\353\202\230\354\232\264_\354\204\261\354\236\245\353\217\204\352\260\220.html
  - knowledge/\352\267\234\352\262\251_AI\354\235\274\352\270\260_\354\213\234\353\246\254\354\246\210_\353\240\214\353\215\224\353\240\210\354\213\234\355\224\274.md
  - knowledge/\354\234\240\355\212\234\353\270\214_\354\230\210\354\225\275\355\230\204\355\231\251.md
  ... 외 28개
✅ 커밋 완료: 자동저장 2026-08-16 12:49 (38개 파일)
=== 자동 커밋 (2026-08-16 13:49:59.241444) ===
자동 커밋 대상: 42개
  - _out/\352\262\260\354\235\264\353\266\200\354\212\244\354\212\244_final__M/c2.png
  - _out/\354\227\260\354\236\254_3\355\216\270_\354\265\234\354\213\240.png
  - _publish_jobs/blog_parsed/20260815_\353\221\220\354\203\201_\354\204\270\353\240\250\353\257\270/meta.json
  - content/blog/\354\233\220\352\263\240/20260815_\354\230\210\354\201\2501\355\216\270_\354\230\210\354\201\230\353\213\244\353\212\224\352\261\264\353\255\230\352\271\214.txt
  - content/manifests/AI\354\235\274\352\270\260_2\355\216\270_\354\273\267\353\247\244\353\213\210\355\216\230\354\212\244\355\212\270_2026-08-15.md
  - content/\352\265\220\354\234\241/2026-07-23_\352\265\220\354\234\241\354\213\234\354\212\244\355\205\234_\354\240\225\353\263\270/\352\265\220\354\234\241\353\260\260\353\266\204_\354\272\230\353\246\260\353\215\224_2026H2.html
  - content/\352\265\220\354\234\241/\354\225\263\353\202\230\354\232\264_\354\204\261\354\236\245\353\217\204\352\260\220.html
  - knowledge/\352\267\234\352\262\251_AI\354\235\274\352\270\260_\354\213\234\353\246\254\354\246\210_\353\240\214\353\215\224\353\240\210\354\213\234\355\224\274.md
  - knowledge/\354\234\240\355\212\234\353\270\214_\354\230\210\354\225\275\355\230\204\355\231\251.md
  - knowledge/\354\260\275\354\227\275_\354\273\250\354\205\211\354\207\274\354\270\240_v2_\353\247\201\355\201\254.md
  ... 외 32개
✅ 커밋 완료: 자동저장 2026-08-16 13:50 (42개 파일)
=== 자동 커밋 (2026-08-16 14:50:00.315591) ===
자동 커밋 대상: 42개
  - _ROOMS_LOG.md
  - _out/\352\262\260\354\235\264\353\266\200\354\212\244\354\212\244_final__M/c2.png
  - _out/\354\227\260\354\236\254_3\355\216\270_\354\265\234\354\213\240.png
  - _publish_jobs/blog_parsed/20260815_\353\221\220\354\203\201_\354\204\270\353\240\250\353\257\270/meta.json
  - content/blog/\354\233\220\352\263\240/20260815_\354\230\210\354\201\2501\355\216\270_\354\230\210\354\201\230\353\213\244\353\212\224\352\261\264\353\255\230\352\271\214.txt
  - content/manifests/AI\354\235\274\352\270\260_2\355\216\270_\354\273\267\353\247\244\353\213\210\355\216\230\354\212\244\355\212\270_2026-08-15.md
  - content/\352\265\220\354\234\241/2026-07-23_\352\265\220\354\234\241\354\213\234\354\212\244\355\205\234_\354\240\225\353\263\270/\352\265\220\354\234\241\353\260\260\353\266\204_\354\272\230\353\246\260\353\215\224_2026H2.html
  - content/\352\265\220\354\234\241/\354\225\263\353\202\230\354\232\264_\354\204\261\354\236\245\353\217\204\352\260\220.html
  - knowledge/\352\267\234\352\262\251_AI\354\235\274\352\270\260_\354\213\234\353\246\254\354\246\210_\353\240\214\353\215\224\353\240\210\354\213\234\355\224\274.md
  - knowledge/\352\267\234\352\262\251_\354\235\274\352\270\260\355\230\225\354\207\274\354\270\240_\354\240\225\353\263\270.md
  ... 외 32개
✅ 커밋 완료: 자동저장 2026-08-16 14:50 (42개 파일)
=== 자동 커밋 (2026-08-16 15:50:01.292203) ===
자동 커밋 대상: 42개
  - _out/\352\262\260\354\235\264\353\266\200\354\212\244\354\212\244_final__M/c2.png
  - _out/\354\227\260\354\236\254_3\355\216\270_\354\265\234\354\213\240.png
  - _publish_jobs/blog_parsed/20260815_\353\221\220\354\203\201_\354\204\270\353\240\250\353\257\270/meta.json
  - content/blog/\354\233\220\352\263\240/20260815_\354\230\210\354\201\2501\355\216\270_\354\230\210\354\201\230\353\213\244\353\212\224\352\261\264\353\255\230\352\271\214.txt
  - content/manifests/AI\354\235\274\352\270\260_2\355\216\270_\354\273\267\353\247\244\353\213\210\355\216\230\354\212\244\355\212\270_2026-08-15.md
  - content/\352\265\220\354\234\241/2026-07-23_\352\265\220\354\234\241\354\213\234\354\212\244\355\205\234_\354\240\225\353\263\270/\352\265\220\354\234\241\353\260\260\353\266\204_\354\272\230\353\246\260\353\215\224_2026H2.html
  - content/\352\265\220\354\234\241/\354\225\263\353\202\230\354\232\264_\354\204\261\354\236\245\353\217\204\352\260\220.html
  - knowledge/\352\267\234\352\262\251_AI\354\235\274\352\270\260_\354\213\234\353\246\254\354\246\210_\353\240\214\353\215\224\353\240\210\354\213\234\355\224\274.md
  - knowledge/\352\267\234\352\262\251_\354\235\274\352\270\260\355\230\225\354\207\274\354\270\240_\354\240\225\353\263\270.md
  - knowledge/\354\234\240\355\212\234\353\270\214_\354\230\210\354\225\275\355\230\204\355\231\251.md
  ... 외 32개
❌ 커밋 실패: fatal: Unable to create '/Users/chanho/atnown-content-pipeline/.git/index.lock': File exists.

Another git process seems to be running in this repository, e.g.
an editor opened by 'git commit'. Please make sure all processes
are terminated then try again. If it still fails, a git process
may have crashed in this repository earlier:
remove the file manually to continue.

=== 자동 커밋 (2026-08-16 16:50:03.037076) ===
자동 커밋 대상: 42개
  - _out/\352\262\260\354\235\264\353\266\200\354\212\244\354\212\244_final__M/c2.png
  - _out/\354\227\260\354\236\254_3\355\216\270_\354\265\234\354\213\240.png
  - _publish_jobs/blog_parsed/20260815_\353\221\220\354\203\201_\354\204\270\353\240\250\353\257\270/meta.json
  - content/blog/\354\233\220\352\263\240/20260815_\354\230\210\354\201\2501\355\216\270_\354\230\210\354\201\230\353\213\244\353\212\224\352\261\264\353\255\230\352\271\214.txt
  - content/manifests/AI\354\235\274\352\270\260_2\355\216\270_\354\273\267\353\247\244\353\213\210\355\216\230\354\212\244\355\212\270_2026-08-15.md
  - content/\352\265\220\354\234\241/2026-07-23_\352\265\220\354\234\241\354\213\234\354\212\244\355\205\234_\354\240\225\353\263\270/\352\265\220\354\234\241\353\260\260\353\266\204_\354\272\230\353\246\260\353\215\224_2026H2.html
  - content/\352\265\220\354\234\241/\354\225\263\353\202\230\354\232\264_\354\204\261\354\236\245\353\217\204\352\260\220.html
  - knowledge/\352\267\234\352\262\251_AI\354\235\274\352\270\260_\354\213\234\353\246\254\354\246\210_\353\240\214\353\215\224\353\240\210\354\213\234\355\224\274.md
  - knowledge/\352\267\234\352\262\251_\354\235\274\352\270\260\355\230\225\354\207\274\354\270\240_\354\240\225\353\263\270.md
  - knowledge/\354\234\240\355\212\234\353\270\214_\354\230\210\354\225\275\355\230\204\355\231\251.md
  ... 외 32개
❌ 커밋 실패: fatal: Unable to create '/Users/chanho/atnown-content-pipeline/.git/index.lock': File exists.

Another git process seems to be running in this repository, e.g.
an editor opened by 'git commit'. Please make sure all processes
are terminated then try again. If it still fails, a git process
may have crashed in this repository earlier:
remove the file manually to continue.

=== 자동 커밋 (2026-08-16 17:50:02.504320) ===
자동 커밋 대상: 42개
  - _out/\352\262\260\354\235\264\353\266\200\354\212\244\354\212\244_final__M/c2.png
  - _out/\354\227\260\354\236\254_3\355\216\270_\354\265\234\354\213\240.png
  - _publish_jobs/blog_parsed/20260815_\353\221\220\354\203\201_\354\204\270\353\240\250\353\257\270/meta.json
  - content/blog/\354\233\220\352\263\240/20260815_\354\230\210\354\201\2501\355\216\270_\354\230\210\354\201\230\353\213\244\353\212\224\352\261\264\353\255\230\352\271\214.txt
  - content/manifests/AI\354\235\274\352\270\260_2\355\216\270_\354\273\267\353\247\244\353\213\210\355\216\230\354\212\244\355\212\270_2026-08-15.md
  - content/\352\265\220\354\234\241/2026-07-23_\352\265\220\354\234\241\354\213\234\354\212\244\355\205\234_\354\240\225\353\263\270/\352\265\220\354\234\241\353\260\260\353\266\204_\354\272\230\353\246\260\353\215\224_2026H2.html
  - content/\352\265\220\354\234\241/\354\225\263\353\202\230\354\232\264_\354\204\261\354\236\245\353\217\204\352\260\220.html
  - knowledge/\352\267\234\352\262\251_AI\354\235\274\352\270\260_\354\213\234\353\246\254\354\246\210_\353\240\214\353\215\224\353\240\210\354\213\234\355\224\274.md
  - knowledge/\352\267\234\352\262\251_\354\235\274\352\270\260\355\230\225\354\207\274\354\270\240_\354\240\225\353\263\270.md
  - knowledge/\354\234\240\355\212\234\353\270\214_\354\230\210\354\225\275\355\230\204\355\231\251.md
  ... 외 32개
❌ 커밋 실패: fatal: Unable to create '/Users/chanho/atnown-content-pipeline/.git/index.lock': File exists.

Another git process seems to be running in this repository, e.g.
an editor opened by 'git commit'. Please make sure all processes
are terminated then try again. If it still fails, a git process
may have crashed in this repository earlier:
remove the file manually to continue.

=== 자동 커밋 (2026-08-16 18:50:04.067201) ===
자동 커밋 대상: 42개
  - _out/\352\262\260\354\235\264\353\266\200\354\212\244\354\212\244_final__M/c2.png
  - _out/\354\227\260\354\236\254_3\355\216\270_\354\265\234\354\213\240.png
  - _publish_jobs/blog_parsed/20260815_\353\221\220\354\203\201_\354\204\270\353\240\250\353\257\270/meta.json
  - content/blog/\354\233\220\352\263\240/20260815_\354\230\210\354\201\2501\355\216\270_\354\230\210\354\201\230\353\213\244\353\212\224\352\261\264\353\255\230\352\271\214.txt
  - content/manifests/AI\354\235\274\352\270\260_2\355\216\270_\354\273\267\353\247\244\353\213\210\355\216\230\354\212\244\355\212\270_2026-08-15.md
  - content/\352\265\220\354\234\241/2026-07-23_\352\265\220\354\234\241\354\213\234\354\212\244\355\205\234_\354\240\225\353\263\270/\352\265\220\354\234\241\353\260\260\353\266\204_\354\272\230\353\246\260\353\215\224_2026H2.html
  - content/\352\265\220\354\234\241/\354\225\263\353\202\230\354\232\264_\354\204\261\354\236\245\353\217\204\352\260\220.html
  - knowledge/\352\267\234\352\262\251_AI\354\235\274\352\270\260_\354\213\234\353\246\254\354\246\210_\353\240\214\353\215\224\353\240\210\354\213\234\355\224\274.md
  - knowledge/\352\267\234\352\262\251_\354\235\274\352\270\260\355\230\225\354\207\274\354\270\240_\354\240\225\353\263\270.md
  - knowledge/\354\234\240\355\212\234\353\270\214_\354\230\210\354\225\275\355\230\204\355\231\251.md
  ... 외 32개
❌ 커밋 실패: fatal: Unable to create '/Users/chanho/atnown-content-pipeline/.git/index.lock': File exists.

Another git process seems to be running in this repository, e.g.
an editor opened by 'git commit'. Please make sure all processes
are terminated then try again. If it still fails, a git process
may have crashed in this repository earlier:
remove the file manually to continue.

=== 자동 커밋 (2026-08-16 19:50:07.568814) ===
자동 커밋 대상: 42개
  - _out/\352\262\260\354\235\264\353\266\200\354\212\244\354\212\244_final__M/c2.png
  - _out/\354\227\260\354\236\254_3\355\216\270_\354\265\234\354\213\240.png
  - _publish_jobs/blog_parsed/20260815_\353\221\220\354\203\201_\354\204\270\353\240\250\353\257\270/meta.json
  - content/blog/\354\233\220\352\263\240/20260815_\354\230\210\354\201\2501\355\216\270_\354\230\210\354\201\230\353\213\244\353\212\224\352\261\264\353\255\230\352\271\214.txt
  - content/manifests/AI\354\235\274\352\270\260_2\355\216\270_\354\273\267\353\247\244\353\213\210\355\216\230\354\212\244\355\212\270_2026-08-15.md
  - content/\352\265\220\354\234\241/2026-07-23_\352\265\220\354\234\241\354\213\234\354\212\244\355\205\234_\354\240\225\353\263\270/\352\265\220\354\234\241\353\260\260\353\266\204_\354\272\230\353\246\260\353\215\224_2026H2.html
  - content/\352\265\220\354\234\241/\354\225\263\353\202\230\354\232\264_\354\204\261\354\236\245\353\217\204\352\260\220.html
  - knowledge/\352\267\234\352\262\251_AI\354\235\274\352\270\260_\354\213\234\353\246\254\354\246\210_\353\240\214\353\215\224\353\240\210\354\213\234\355\224\274.md
  - knowledge/\352\267\234\352\262\251_\354\235\274\352\270\260\355\230\225\354\207\274\354\270\240_\354\240\225\353\263\270.md
  - knowledge/\354\234\240\355\212\234\353\270\214_\354\230\210\354\225\275\355\230\204\355\231\251.md
  ... 외 32개
❌ 커밋 실패: fatal: Unable to create '/Users/chanho/atnown-content-pipeline/.git/index.lock': File exists.

Another git process seems to be running in this repository, e.g.
an editor opened by 'git commit'. Please make sure all processes
are terminated then try again. If it still fails, a git process
may have crashed in this repository earlier:
remove the file manually to continue.

=== 자동 커밋 (2026-08-16 20:50:09.158911) ===
자동 커밋 대상: 42개
  - _out/\352\262\260\354\235\264\353\266\200\354\212\244\354\212\244_final__M/c2.png
  - _out/\354\227\260\354\236\254_3\355\216\270_\354\265\234\354\213\240.png
  - _publish_jobs/blog_parsed/20260815_\353\221\220\354\203\201_\354\204\270\353\240\250\353\257\270/meta.json
  - content/blog/\354\233\220\352\263\240/20260815_\354\230\210\354\201\2501\355\216\270_\354\230\210\354\201\230\353\213\244\353\212\224\352\261\264\353\255\230\352\271\214.txt
  - content/manifests/AI\354\235\274\352\270\260_2\355\216\270_\354\273\267\353\247\244\353\213\210\355\216\230\354\212\244\355\212\270_2026-08-15.md
  - content/\352\265\220\354\234\241/2026-07-23_\352\265\220\354\234\241\354\213\234\354\212\244\355\205\234_\354\240\225\353\263\270/\352\265\220\354\234\241\353\260\260\353\266\204_\354\272\230\353\246\260\353\215\224_2026H2.html
  - content/\352\265\220\354\234\241/\354\225\263\353\202\230\354\232\264_\354\204\261\354\236\245\353\217\204\352\260\220.html
  - knowledge/\352\267\234\352\262\251_AI\354\235\274\352\270\260_\354\213\234\353\246\254\354\246\210_\353\240\214\353\215\224\353\240\210\354\213\234\355\224\274.md
  - knowledge/\352\267\234\352\262\251_\354\235\274\352\270\260\355\230\225\354\207\274\354\270\240_\354\240\225\353\263\270.md
  - knowledge/\354\234\240\355\212\234\353\270\214_\354\230\210\354\225\275\355\230\204\355\231\251.md
  ... 외 32개
❌ 커밋 실패: fatal: Unable to create '/Users/chanho/atnown-content-pipeline/.git/index.lock': File exists.

Another git process seems to be running in this repository, e.g.
an editor opened by 'git commit'. Please make sure all processes
are terminated then try again. If it still fails, a git process
may have crashed in this repository earlier:
remove the file manually to continue.

=== 자동 커밋 (2026-08-16 21:50:10.615815) ===
자동 커밋 대상: 42개
  - _out/\352\262\260\354\235\264\353\266\200\354\212\244\354\212\244_final__M/c2.png
  - _out/\354\227\260\354\236\254_3\355\216\270_\354\265\234\354\213\240.png
  - _publish_jobs/blog_parsed/20260815_\353\221\220\354\203\201_\354\204\270\353\240\250\353\257\270/meta.json
  - content/blog/\354\233\220\352\263\240/20260815_\354\230\210\354\201\2501\355\216\270_\354\230\210\354\201\230\353\213\244\353\212\224\352\261\264\353\255\230\352\271\214.txt
  - content/manifests/AI\354\235\274\352\270\260_2\355\216\270_\354\273\267\353\247\244\353\213\210\355\216\230\354\212\244\355\212\270_2026-08-15.md
  - content/\352\265\220\354\234\241/2026-07-23_\352\265\220\354\234\241\354\213\234\354\212\244\355\205\234_\354\240\225\353\263\270/\352\265\220\354\234\241\353\260\260\353\266\204_\354\272\230\353\246\260\353\215\224_2026H2.html
  - content/\352\265\220\354\234\241/\354\225\263\353\202\230\354\232\264_\354\204\261\354\236\245\353\217\204\352\260\220.html
  - knowledge/\352\267\234\352\262\251_AI\354\235\274\352\270\260_\354\213\234\353\246\254\354\246\210_\353\240\214\353\215\224\353\240\210\354\213\234\355\224\274.md
  - knowledge/\352\267\234\352\262\251_\354\235\274\352\270\260\355\230\225\354\207\274\354\270\240_\354\240\225\353\263\270.md
  - knowledge/\354\234\240\355\212\234\353\270\214_\354\230\210\354\225\275\355\230\204\355\231\251.md
  ... 외 32개
❌ 커밋 실패: fatal: Unable to create '/Users/chanho/atnown-content-pipeline/.git/index.lock': File exists.

Another git process seems to be running in this repository, e.g.
an editor opened by 'git commit'. Please make sure all processes
are terminated then try again. If it still fails, a git process
may have crashed in this repository earlier:
remove the file manually to continue.

=== 자동 커밋 (2026-08-16 22:50:12.291791) ===
자동 커밋 대상: 42개
  - _out/\352\262\260\354\235\264\353\266\200\354\212\244\354\212\244_final__M/c2.png
  - _out/\354\227\260\354\236\254_3\355\216\270_\354\265\234\354\213\240.png
  - _publish_jobs/blog_parsed/20260815_\353\221\220\354\203\201_\354\204\270\353\240\250\353\257\270/meta.json
  - content/blog/\354\233\220\352\263\240/20260815_\354\230\210\354\201\2501\355\216\270_\354\230\210\354\201\230\353\213\244\353\212\224\352\261\264\353\255\230\352\271\214.txt
  - content/manifests/AI\354\235\274\352\270\260_2\355\216\270_\354\273\267\353\247\244\353\213\210\355\216\230\354\212\244\355\212\270_2026-08-15.md
  - content/\352\265\220\354\234\241/2026-07-23_\352\265\220\354\234\241\354\213\234\354\212\244\355\205\234_\354\240\225\353\263\270/\352\265\220\354\234\241\353\260\260\353\266\204_\354\272\230\353\246\260\353\215\224_2026H2.html
  - content/\352\265\220\354\234\241/\354\225\263\353\202\230\354\232\264_\354\204\261\354\236\245\353\217\204\352\260\220.html
  - knowledge/\352\267\234\352\262\251_AI\354\235\274\352\270\260_\354\213\234\353\246\254\354\246\210_\353\240\214\353\215\224\353\240\210\354\213\234\355\224\274.md
  - knowledge/\352\267\234\352\262\251_\354\235\274\352\270\260\355\230\225\354\207\274\354\270\240_\354\240\225\353\263\270.md
  - knowledge/\354\234\240\355\212\234\353\270\214_\354\230\210\354\225\275\355\230\204\355\231\251.md
  ... 외 32개
❌ 커밋 실패: fatal: Unable to create '/Users/chanho/atnown-content-pipeline/.git/index.lock': File exists.

Another git process seems to be running in this repository, e.g.
an editor opened by 'git commit'. Please make sure all processes
are terminated then try again. If it still fails, a git process
may have crashed in this repository earlier:
remove the file manually to continue.

=== 자동 커밋 (2026-08-16 23:50:13.755146) ===
자동 커밋 대상: 42개
  - _out/\352\262\260\354\235\264\353\266\200\354\212\244\354\212\244_final__M/c2.png
  - _out/\354\227\260\354\236\254_3\355\216\270_\354\265\234\354\213\240.png
  - _publish_jobs/blog_parsed/20260815_\353\221\220\354\203\201_\354\204\270\353\240\250\353\257\270/meta.json
  - content/blog/\354\233\220\352\263\240/20260815_\354\230\210\354\201\2501\355\216\270_\354\230\210\354\201\230\353\213\244\353\212\224\352\261\264\353\255\230\352\271\214.txt
  - content/manifests/AI\354\235\274\352\270\260_2\355\216\270_\354\273\267\353\247\244\353\213\210\355\216\230\354\212\244\355\212\270_2026-08-15.md
  - content/\352\265\220\354\234\241/2026-07-23_\352\265\220\354\234\241\354\213\234\354\212\244\355\205\234_\354\240\225\353\263\270/\352\265\220\354\234\241\353\260\260\353\266\204_\354\272\230\353\246\260\353\215\224_2026H2.html
  - content/\352\265\220\354\234\241/\354\225\263\353\202\230\354\232\264_\354\204\261\354\236\245\353\217\204\352\260\220.html
  - knowledge/\352\267\234\352\262\251_AI\354\235\274\352\270\260_\354\213\234\353\246\254\354\246\210_\353\240\214\353\215\224\353\240\210\354\213\234\355\224\274.md
  - knowledge/\352\267\234\352\262\251_\354\235\274\352\270\260\355\230\225\354\207\274\354\270\240_\354\240\225\353\263\270.md
  - knowledge/\354\234\240\355\212\234\353\270\214_\354\230\210\354\225\275\355\230\204\355\231\251.md
  ... 외 32개
❌ 커밋 실패: fatal: Unable to create '/Users/chanho/atnown-content-pipeline/.git/index.lock': File exists.

Another git process seems to be running in this repository, e.g.
an editor opened by 'git commit'. Please make sure all processes
are terminated then try again. If it still fails, a git process
may have crashed in this repository earlier:
remove the file manually to continue.

=== 자동 커밋 (2026-08-17 00:50:15.151353) ===
자동 커밋 대상: 42개
  - _out/\352\262\260\354\235\264\353\266\200\354\212\244\354\212\244_final__M/c2.png
  - _out/\354\227\260\354\236\254_3\355\216\270_\354\265\234\354\213\240.png
  - _publish_jobs/blog_parsed/20260815_\353\221\220\354\203\201_\354\204\270\353\240\250\353\257\270/meta.json
  - content/blog/\354\233\220\352\263\240/20260815_\354\230\210\354\201\2501\355\216\270_\354\230\210\354\201\230\353\213\244\353\212\224\352\261\264\353\255\230\352\271\214.txt
  - content/manifests/AI\354\235\274\352\270\260_2\355\216\270_\354\273\267\353\247\244\353\213\210\355\216\230\354\212\244\355\212\270_2026-08-15.md
  - content/\352\265\220\354\234\241/2026-07-23_\352\265\220\354\234\241\354\213\234\354\212\244\355\205\234_\354\240\225\353\263\270/\352\265\220\354\234\241\353\260\260\353\266\204_\354\272\230\353\246\260\353\215\224_2026H2.html
  - content/\352\265\220\354\234\241/\354\225\263\353\202\230\354\232\264_\354\204\261\354\236\245\353\217\204\352\260\220.html
  - knowledge/\352\267\234\352\262\251_AI\354\235\274\352\270\260_\354\213\234\353\246\254\354\246\210_\353\240\214\353\215\224\353\240\210\354\213\234\355\224\274.md
  - knowledge/\352\267\234\352\262\251_\354\235\274\352\270\260\355\230\225\354\207\274\354\270\240_\354\240\225\353\263\270.md
  - knowledge/\354\234\240\355\212\234\353\270\214_\354\230\210\354\225\275\355\230\204\355\231\251.md
  ... 외 32개
❌ 커밋 실패: fatal: Unable to create '/Users/chanho/atnown-content-pipeline/.git/index.lock': File exists.

Another git process seems to be running in this repository, e.g.
an editor opened by 'git commit'. Please make sure all processes
are terminated then try again. If it still fails, a git process
may have crashed in this repository earlier:
remove the file manually to continue.

=== 자동 커밋 (2026-08-17 01:50:16.701316) ===
자동 커밋 대상: 42개
  - _out/\352\262\260\354\235\264\353\266\200\354\212\244\354\212\244_final__M/c2.png
  - _out/\354\227\260\354\236\254_3\355\216\270_\354\265\234\354\213\240.png
  - _publish_jobs/blog_parsed/20260815_\353\221\220\354\203\201_\354\204\270\353\240\250\353\257\270/meta.json
  - content/blog/\354\233\220\352\263\240/20260815_\354\230\210\354\201\2501\355\216\270_\354\230\210\354\201\230\353\213\244\353\212\224\352\261\264\353\255\230\352\271\214.txt
  - content/manifests/AI\354\235\274\352\270\260_2\355\216\270_\354\273\267\353\247\244\353\213\210\355\216\230\354\212\244\355\212\270_2026-08-15.md
  - content/\352\265\220\354\234\241/2026-07-23_\352\265\220\354\234\241\354\213\234\354\212\244\355\205\234_\354\240\225\353\263\270/\352\265\220\354\234\241\353\260\260\353\266\204_\354\272\230\353\246\260\353\215\224_2026H2.html
  - content/\352\265\220\354\234\241/\354\225\263\353\202\230\354\232\264_\354\204\261\354\236\245\353\217\204\352\260\220.html
  - knowledge/\352\267\234\352\262\251_AI\354\235\274\352\270\260_\354\213\234\353\246\254\354\246\210_\353\240\214\353\215\224\353\240\210\354\213\234\355\224\274.md
  - knowledge/\352\267\234\352\262\251_\354\235\274\352\270\260\355\230\225\354\207\274\354\270\240_\354\240\225\353\263\270.md
  - knowledge/\354\234\240\355\212\234\353\270\214_\354\230\210\354\225\275\355\230\204\355\231\251.md
  ... 외 32개
❌ 커밋 실패: fatal: Unable to create '/Users/chanho/atnown-content-pipeline/.git/index.lock': File exists.

Another git process seems to be running in this repository, e.g.
an editor opened by 'git commit'. Please make sure all processes
are terminated then try again. If it still fails, a git process
may have crashed in this repository earlier:
remove the file manually to continue.

=== 자동 커밋 (2026-08-17 02:50:16.102004) ===
자동 커밋 대상: 42개
  - _out/\352\262\260\354\235\264\353\266\200\354\212\244\354\212\244_final__M/c2.png
  - _out/\354\227\260\354\236\254_3\355\216\270_\354\265\234\354\213\240.png
  - _publish_jobs/blog_parsed/20260815_\353\221\220\354\203\201_\354\204\270\353\240\250\353\257\270/meta.json
  - content/blog/\354\233\220\352\263\240/20260815_\354\230\210\354\201\2501\355\216\270_\354\230\210\354\201\230\353\213\244\353\212\224\352\261\264\353\255\230\352\271\214.txt
  - content/manifests/AI\354\235\274\352\270\260_2\355\216\270_\354\273\267\353\247\244\353\213\210\355\216\230\354\212\244\355\212\270_2026-08-15.md
  - content/\352\265\220\354\234\241/2026-07-23_\352\265\220\354\234\241\354\213\234\354\212\244\355\205\234_\354\240\225\353\263\270/\352\265\220\354\234\241\353\260\260\353\266\204_\354\272\230\353\246\260\353\215\224_2026H2.html
  - content/\352\265\220\354\234\241/\354\225\263\353\202\230\354\232\264_\354\204\261\354\236\245\353\217\204\352\260\220.html
  - knowledge/\352\267\234\352\262\251_AI\354\235\274\352\270\260_\354\213\234\353\246\254\354\246\210_\353\240\214\353\215\224\353\240\210\354\213\234\355\224\274.md
  - knowledge/\352\267\234\352\262\251_\354\235\274\352\270\260\355\230\225\354\207\274\354\270\240_\354\240\225\353\263\270.md
  - knowledge/\354\234\240\355\212\234\353\270\214_\354\230\210\354\225\275\355\230\204\355\231\251.md
  ... 외 32개
❌ 커밋 실패: fatal: Unable to create '/Users/chanho/atnown-content-pipeline/.git/index.lock': File exists.

Another git process seems to be running in this repository, e.g.
an editor opened by 'git commit'. Please make sure all processes
are terminated then try again. If it still fails, a git process
may have crashed in this repository earlier:
remove the file manually to continue.

=== 자동 커밋 (2026-08-17 03:50:19.653936) ===
자동 커밋 대상: 42개
  - _out/\352\262\260\354\235\264\353\266\200\354\212\244\354\212\244_final__M/c2.png
  - _out/\354\227\260\354\236\254_3\355\216\270_\354\265\234\354\213\240.png
  - _publish_jobs/blog_parsed/20260815_\353\221\220\354\203\201_\354\204\270\353\240\250\353\257\270/meta.json
  - content/blog/\354\233\220\352\263\240/20260815_\354\230\210\354\201\2501\355\216\270_\354\230\210\354\201\230\353\213\244\353\212\224\352\261\264\353\255\230\352\271\214.txt
  - content/manifests/AI\354\235\274\352\270\260_2\355\216\270_\354\273\267\353\247\244\353\213\210\355\216\230\354\212\244\355\212\270_2026-08-15.md
  - content/\352\265\220\354\234\241/2026-07-23_\352\265\220\354\234\241\354\213\234\354\212\244\355\205\234_\354\240\225\353\263\270/\352\265\220\354\234\241\353\260\260\353\266\204_\354\272\230\353\246\260\353\215\224_2026H2.html
  - content/\352\265\220\354\234\241/\354\225\263\353\202\230\354\232\264_\354\204\261\354\236\245\353\217\204\352\260\220.html
  - knowledge/\352\267\234\352\262\251_AI\354\235\274\352\270\260_\354\213\234\353\246\254\354\246\210_\353\240\214\353\215\224\353\240\210\354\213\234\355\224\274.md
  - knowledge/\352\267\234\352\262\251_\354\235\274\352\270\260\355\230\225\354\207\274\354\270\240_\354\240\225\353\263\270.md
  - knowledge/\354\234\240\355\212\234\353\270\214_\354\230\210\354\225\275\355\230\204\355\231\251.md
  ... 외 32개
❌ 커밋 실패: fatal: Unable to create '/Users/chanho/atnown-content-pipeline/.git/index.lock': File exists.

Another git process seems to be running in this repository, e.g.
an editor opened by 'git commit'. Please make sure all processes
are terminated then try again. If it still fails, a git process
may have crashed in this repository earlier:
remove the file manually to continue.

=== 자동 커밋 (2026-08-17 04:50:21.168309) ===
자동 커밋 대상: 42개
  - _out/\352\262\260\354\235\264\353\266\200\354\212\244\354\212\244_final__M/c2.png
  - _out/\354\227\260\354\236\254_3\355\216\270_\354\265\234\354\213\240.png
  - _publish_jobs/blog_parsed/20260815_\353\221\220\354\203\201_\354\204\270\353\240\250\353\257\270/meta.json
  - content/blog/\354\233\220\352\263\240/20260815_\354\230\210\354\201\2501\355\216\270_\354\230\210\354\201\230\353\213\244\353\212\224\352\261\264\353\255\230\352\271\214.txt
  - content/manifests/AI\354\235\274\352\270\260_2\355\216\270_\354\273\267\353\247\244\353\213\210\355\216\230\354\212\244\355\212\270_2026-08-15.md
  - content/\352\265\220\354\234\241/2026-07-23_\352\265\220\354\234\241\354\213\234\354\212\244\355\205\234_\354\240\225\353\263\270/\352\265\220\354\234\241\353\260\260\353\266\204_\354\272\230\353\246\260\353\215\224_2026H2.html
  - content/\352\265\220\354\234\241/\354\225\263\353\202\230\354\232\264_\354\204\261\354\236\245\353\217\204\352\260\220.html
  - knowledge/\352\267\234\352\262\251_AI\354\235\274\352\270\260_\354\213\234\353\246\254\354\246\210_\353\240\214\353\215\224\353\240\210\354\213\234\355\224\274.md
  - knowledge/\352\267\234\352\262\251_\354\235\274\352\270\260\355\230\225\354\207\274\354\270\240_\354\240\225\353\263\270.md
  - knowledge/\354\234\240\355\212\234\353\270\214_\354\230\210\354\225\275\355\230\204\355\231\251.md
  ... 외 32개
❌ 커밋 실패: fatal: Unable to create '/Users/chanho/atnown-content-pipeline/.git/index.lock': File exists.

Another git process seems to be running in this repository, e.g.
an editor opened by 'git commit'. Please make sure all processes
are terminated then try again. If it still fails, a git process
may have crashed in this repository earlier:
remove the file manually to continue.

=== 자동 커밋 (2026-08-17 05:50:22.672769) ===
자동 커밋 대상: 42개
  - _out/\352\262\260\354\235\264\353\266\200\354\212\244\354\212\244_final__M/c2.png
  - _out/\354\227\260\354\236\254_3\355\216\270_\354\265\234\354\213\240.png
  - _publish_jobs/blog_parsed/20260815_\353\221\220\354\203\201_\354\204\270\353\240\250\353\257\270/meta.json
  - content/blog/\354\233\220\352\263\240/20260815_\354\230\210\354\201\2501\355\216\270_\354\230\210\354\201\230\353\213\244\353\212\224\352\261\264\353\255\230\352\271\214.txt
  - content/manifests/AI\354\235\274\352\270\260_2\355\216\270_\354\273\267\353\247\244\353\213\210\355\216\230\354\212\244\355\212\270_2026-08-15.md
  - content/\352\265\220\354\234\241/2026-07-23_\352\265\220\354\234\241\354\213\234\354\212\244\355\205\234_\354\240\225\353\263\270/\352\265\220\354\234\241\353\260\260\353\266\204_\354\272\230\353\246\260\353\215\224_2026H2.html
  - content/\352\265\220\354\234\241/\354\225\263\353\202\230\354\232\264_\354\204\261\354\236\245\353\217\204\352\260\220.html
  - knowledge/\352\267\234\352\262\251_AI\354\235\274\352\270\260_\354\213\234\353\246\254\354\246\210_\353\240\214\353\215\224\353\240\210\354\213\234\355\224\274.md
  - knowledge/\352\267\234\352\262\251_\354\235\274\352\270\260\355\230\225\354\207\274\354\270\240_\354\240\225\353\263\270.md
  - knowledge/\354\234\240\355\212\234\353\270\214_\354\230\210\354\225\275\355\230\204\355\231\251.md
  ... 외 32개
❌ 커밋 실패: fatal: Unable to create '/Users/chanho/atnown-content-pipeline/.git/index.lock': File exists.

Another git process seems to be running in this repository, e.g.
an editor opened by 'git commit'. Please make sure all processes
are terminated then try again. If it still fails, a git process
may have crashed in this repository earlier:
remove the file manually to continue.

=== 자동 커밋 (2026-08-17 06:50:24.195013) ===
자동 커밋 대상: 42개
  - _out/\352\262\260\354\235\264\353\266\200\354\212\244\354\212\244_final__M/c2.png
  - _out/\354\227\260\354\236\254_3\355\216\270_\354\265\234\354\213\240.png
  - _publish_jobs/blog_parsed/20260815_\353\221\220\354\203\201_\354\204\270\353\240\250\353\257\270/meta.json
  - content/blog/\354\233\220\352\263\240/20260815_\354\230\210\354\201\2501\355\216\270_\354\230\210\354\201\230\353\213\244\353\212\224\352\261\264\353\255\230\352\271\214.txt
  - content/manifests/AI\354\235\274\352\270\260_2\355\216\270_\354\273\267\353\247\244\353\213\210\355\216\230\354\212\244\355\212\270_2026-08-15.md
  - content/\352\265\220\354\234\241/2026-07-23_\352\265\220\354\234\241\354\213\234\354\212\244\355\205\234_\354\240\225\353\263\270/\352\265\220\354\234\241\353\260\260\353\266\204_\354\272\230\353\246\260\353\215\224_2026H2.html
  - content/\352\265\220\354\234\241/\354\225\263\353\202\230\354\232\264_\354\204\261\354\236\245\353\217\204\352\260\220.html
  - knowledge/\352\267\234\352\262\251_AI\354\235\274\352\270\260_\354\213\234\353\246\254\354\246\210_\353\240\214\353\215\224\353\240\210\354\213\234\355\224\274.md
  - knowledge/\352\267\234\352\262\251_\354\235\274\352\270\260\355\230\225\354\207\274\354\270\240_\354\240\225\353\263\270.md
  - knowledge/\354\234\240\355\212\234\353\270\214_\354\230\210\354\225\275\355\230\204\355\231\251.md
  ... 외 32개
❌ 커밋 실패: fatal: Unable to create '/Users/chanho/atnown-content-pipeline/.git/index.lock': File exists.

Another git process seems to be running in this repository, e.g.
an editor opened by 'git commit'. Please make sure all processes
are terminated then try again. If it still fails, a git process
may have crashed in this repository earlier:
remove the file manually to continue.

=== 자동 커밋 (2026-08-17 07:50:25.651841) ===
자동 커밋 대상: 42개
  - _out/\352\262\260\354\235\264\353\266\200\354\212\244\354\212\244_final__M/c2.png
  - _out/\354\227\260\354\236\254_3\355\216\270_\354\265\234\354\213\240.png
  - _publish_jobs/blog_parsed/20260815_\353\221\220\354\203\201_\354\204\270\353\240\250\353\257\270/meta.json
  - content/blog/\354\233\220\352\263\240/20260815_\354\230\210\354\201\2501\355\216\270_\354\230\210\354\201\230\353\213\244\353\212\224\352\261\264\353\255\230\352\271\214.txt
  - content/manifests/AI\354\235\274\352\270\260_2\355\216\270_\354\273\267\353\247\244\353\213\210\355\216\230\354\212\244\355\212\270_2026-08-15.md
  - content/\352\265\220\354\234\241/2026-07-23_\352\265\220\354\234\241\354\213\234\354\212\244\355\205\234_\354\240\225\353\263\270/\352\265\220\354\234\241\353\260\260\353\266\204_\354\272\230\353\246\260\353\215\224_2026H2.html
  - content/\352\265\220\354\234\241/\354\225\263\353\202\230\354\232\264_\354\204\261\354\236\245\353\217\204\352\260\220.html
  - knowledge/\352\267\234\352\262\251_AI\354\235\274\352\270\260_\354\213\234\353\246\254\354\246\210_\353\240\214\353\215\224\353\240\210\354\213\234\355\224\274.md
  - knowledge/\352\267\234\352\262\251_\354\235\274\352\270\260\355\230\225\354\207\274\354\270\240_\354\240\225\353\263\270.md
  - knowledge/\354\234\240\355\212\234\353\270\214_\354\230\210\354\225\275\355\230\204\355\231\251.md
  ... 외 32개
❌ 커밋 실패: fatal: Unable to create '/Users/chanho/atnown-content-pipeline/.git/index.lock': File exists.

Another git process seems to be running in this repository, e.g.
an editor opened by 'git commit'. Please make sure all processes
are terminated then try again. If it still fails, a git process
may have crashed in this repository earlier:
remove the file manually to continue.

=== 자동 커밋 (2026-08-17 08:50:27.153681) ===
자동 커밋 대상: 42개
  - _out/\352\262\260\354\235\264\353\266\200\354\212\244\354\212\244_final__M/c2.png
  - _out/\354\227\260\354\236\254_3\355\216\270_\354\265\234\354\213\240.png
  - _publish_jobs/blog_parsed/20260815_\353\221\220\354\203\201_\354\204\270\353\240\250\353\257\270/meta.json
  - content/blog/\354\233\220\352\263\240/20260815_\354\230\210\354\201\2501\355\216\270_\354\230\210\354\201\230\353\213\244\353\212\224\352\261\264\353\255\230\352\271\214.txt
  - content/manifests/AI\354\235\274\352\270\260_2\355\216\270_\354\273\267\353\247\244\353\213\210\355\216\230\354\212\244\355\212\270_2026-08-15.md
  - content/\352\265\220\354\234\241/2026-07-23_\352\265\220\354\234\241\354\213\234\354\212\244\355\205\234_\354\240\225\353\263\270/\352\265\220\354\234\241\353\260\260\353\266\204_\354\272\230\353\246\260\353\215\224_2026H2.html
  - content/\352\265\220\354\234\241/\354\225\263\353\202\230\354\232\264_\354\204\261\354\236\245\353\217\204\352\260\220.html
  - knowledge/\352\267\234\352\262\251_AI\354\235\274\352\270\260_\354\213\234\353\246\254\354\246\210_\353\240\214\353\215\224\353\240\210\354\213\234\355\224\274.md
  - knowledge/\352\267\234\352\262\251_\354\235\274\352\270\260\355\230\225\354\207\274\354\270\240_\354\240\225\353\263\270.md
  - knowledge/\354\234\240\355\212\234\353\270\214_\354\230\210\354\225\275\355\230\204\355\231\251.md
  ... 외 32개
❌ 커밋 실패: fatal: Unable to create '/Users/chanho/atnown-content-pipeline/.git/index.lock': File exists.

Another git process seems to be running in this repository, e.g.
an editor opened by 'git commit'. Please make sure all processes
are terminated then try again. If it still fails, a git process
may have crashed in this repository earlier:
remove the file manually to continue.

=== 자동 커밋 (2026-08-17 09:50:28.449617) ===
자동 커밋 대상: 42개
  - _out/\352\262\260\354\235\264\353\266\200\354\212\244\354\212\244_final__M/c2.png
  - _out/\354\227\260\354\236\254_3\355\216\270_\354\265\234\354\213\240.png
  - _publish_jobs/blog_parsed/20260815_\353\221\220\354\203\201_\354\204\270\353\240\250\353\257\270/meta.json
  - content/blog/\354\233\220\352\263\240/20260815_\354\230\210\354\201\2501\355\216\270_\354\230\210\354\201\230\353\213\244\353\212\224\352\261\264\353\255\230\352\271\214.txt
  - content/manifests/AI\354\235\274\352\270\260_2\355\216\270_\354\273\267\353\247\244\353\213\210\355\216\230\354\212\244\355\212\270_2026-08-15.md
  - content/\352\265\220\354\234\241/2026-07-23_\352\265\220\354\234\241\354\213\234\354\212\244\355\205\234_\354\240\225\353\263\270/\352\265\220\354\234\241\353\260\260\353\266\204_\354\272\230\353\246\260\353\215\224_2026H2.html
  - content/\352\265\220\354\234\241/\354\225\263\353\202\230\354\232\264_\354\204\261\354\236\245\353\217\204\352\260\220.html
  - knowledge/\352\267\234\352\262\251_AI\354\235\274\352\270\260_\354\213\234\353\246\254\354\246\210_\353\240\214\353\215\224\353\240\210\354\213\234\355\224\274.md
  - knowledge/\352\267\234\352\262\251_\354\235\274\352\270\260\355\230\225\354\207\274\354\270\240_\354\240\225\353\263\270.md
  - knowledge/\354\234\240\355\212\234\353\270\214_\354\230\210\354\225\275\355\230\204\355\231\251.md
  ... 외 32개
❌ 커밋 실패: fatal: Unable to create '/Users/chanho/atnown-content-pipeline/.git/index.lock': File exists.

Another git process seems to be running in this repository, e.g.
an editor opened by 'git commit'. Please make sure all processes
are terminated then try again. If it still fails, a git process
may have crashed in this repository earlier:
remove the file manually to continue.

=== 자동 커밋 (2026-08-17 10:50:29.989582) ===
자동 커밋 대상: 42개
  - _out/\352\262\260\354\235\264\353\266\200\354\212\244\354\212\244_final__M/c2.png
  - _out/\354\227\260\354\236\254_3\355\216\270_\354\265\234\354\213\240.png
  - _publish_jobs/blog_parsed/20260815_\353\221\220\354\203\201_\354\204\270\353\240\250\353\257\270/meta.json
  - content/blog/\354\233\220\352\263\240/20260815_\354\230\210\354\201\2501\355\216\270_\354\230\210\354\201\230\353\213\244\353\212\224\352\261\264\353\255\230\352\271\214.txt
  - content/manifests/AI\354\235\274\352\270\260_2\355\216\270_\354\273\267\353\247\244\353\213\210\355\216\230\354\212\244\355\212\270_2026-08-15.md
  - content/\352\265\220\354\234\241/2026-07-23_\352\265\220\354\234\241\354\213\234\354\212\244\355\205\234_\354\240\225\353\263\270/\352\265\220\354\234\241\353\260\260\353\266\204_\354\272\230\353\246\260\353\215\224_2026H2.html
  - content/\352\265\220\354\234\241/\354\225\263\353\202\230\354\232\264_\354\204\261\354\236\245\353\217\204\352\260\220.html
  - knowledge/\352\267\234\352\262\251_AI\354\235\274\352\270\260_\354\213\234\353\246\254\354\246\210_\353\240\214\353\215\224\353\240\210\354\213\234\355\224\274.md
  - knowledge/\352\267\234\352\262\251_\354\235\274\352\270\260\355\230\225\354\207\274\354\270\240_\354\240\225\353\263\270.md
  - knowledge/\354\234\240\355\212\234\353\270\214_\354\230\210\354\225\275\355\230\204\355\231\251.md
  ... 외 32개
❌ 커밋 실패: fatal: Unable to create '/Users/chanho/atnown-content-pipeline/.git/index.lock': File exists.

Another git process seems to be running in this repository, e.g.
an editor opened by 'git commit'. Please make sure all processes
are terminated then try again. If it still fails, a git process
may have crashed in this repository earlier:
remove the file manually to continue.

