[OK] /Users/chanho/atnown-trunk/_cowork_sync/discord_assistant_live.md 작성 (100행 처리)
[SKIP] 대화 내용 변화 없음 — commit/push 생략
[OK] /Users/chanho/atnown-trunk/_cowork_sync/discord_assistant_live.md 작성 (100행 처리)
[OK] push 성공 → origin/main
[OK] /Users/chanho/atnown-trunk/_cowork_sync/discord_assistant_live.md 작성 (100행 처리)
[OK] push 성공 → origin/main
[OK] /Users/chanho/atnown-trunk/_cowork_sync/discord_assistant_live.md 작성 (100행 처리)
[SKIP] 대화 내용 변화 없음 — commit/push 생략
[OK] /Users/chanho/atnown-trunk/_cowork_sync/discord_assistant_live.md 작성 (100행 처리)
[OK] /Users/chanho/atnown-trunk/_cowork_sync/discord_assistant_live.md 작성 (100행 처리)
[SKIP] 대화 내용 변화 없음 — commit/push 생략
[SKIP] outbox 에 새 답 없음
[OK] /Users/chanho/atnown-trunk/_cowork_sync/discord_assistant_live.md 작성 (104행 병합)
[OK] push 성공 → origin/main
[SKIP] outbox 에 새 답 없음
[OK] /Users/chanho/atnown-trunk/_cowork_sync/discord_assistant_live.md 작성 (106행 병합)
[OK] push 성공 → origin/main
[SKIP] outbox 에 새 답 없음
[OK] /Users/chanho/atnown-trunk/_cowork_sync/discord_assistant_live.md 작성 (106행 병합)
[OK] push 성공 → origin/main
[SKIP] outbox 에 새 답 없음
[OK] /Users/chanho/atnown-trunk/_cowork_sync/discord_assistant_live.md 작성 (106행 병합)
[OK] push 성공 → origin/main
[SKIP] outbox 에 새 답 없음
[OK] /Users/chanho/atnown-trunk/_cowork_sync/discord_assistant_live.md 작성 (106행 병합)
[OK] push 성공 → origin/main
[SKIP] outbox 에 새 답 없음
[OK] /Users/chanho/atnown-trunk/_cowork_sync/discord_assistant_live.md 작성 (106행 병합)
[OK] push 성공 → origin/main
[SKIP] outbox 에 새 답 없음
[OK] /Users/chanho/atnown-trunk/_cowork_sync/discord_assistant_live.md 작성 (106행 병합)
[SKIP] 대화 내용 변화 없음 — commit/push 생략
[SKIP] outbox 에 새 답 없음
[OK] /Users/chanho/atnown-trunk/_cowork_sync/discord_assistant_live.md 작성 (106행 병합)
[OK] push 성공 → origin/main
[SKIP] outbox 에 새 답 없음
