====================================================================

[막힘] B-INVENTORY  장면0/풀0
   ✗ 아웃트로 없음
   ✗ thumb 이 false 가 아니다 — 이 방 규칙 위반
   · 예상 길이 4초 (권장 33~48초) — 본문 0자
   · 축(재미·감동·정보) 미지정

====================================================================
통과 0 / 전체 1
====================================================================

[막힘] _HEARTBEAT_본진  장면0/풀0
   ✗ 아웃트로 없음
   ✗ thumb 이 false 가 아니다 — 이 방 규칙 위반
   · 예상 길이 4초 (권장 33~48초) — 본문 0자
   · 축(재미·감동·정보) 미지정

====================================================================
통과 0 / 전체 1
====================================================================

[막힘] B-INVENTORY  장면0/풀0
   ✗ 아웃트로 없음
   ✗ thumb 이 false 가 아니다 — 이 방 규칙 위반
   · 예상 길이 4초 (권장 33~48초) — 본문 0자
   · 축(재미·감동·정보) 미지정

====================================================================
통과 0 / 전체 1
====================================================================

[막힘] _HEARTBEAT_본진  장면0/풀0
   ✗ 아웃트로 없음
   ✗ thumb 이 false 가 아니다 — 이 방 규칙 위반
   · 예상 길이 4초 (권장 33~48초) — 본문 0자
   · 축(재미·감동·정보) 미지정

====================================================================
통과 0 / 전체 1
====================================================================

[막힘] B-INVENTORY  장면0/풀0
   ✗ 아웃트로 없음
   ✗ thumb 이 false 가 아니다 — 이 방 규칙 위반
   · 예상 길이 4초 (권장 33~48초) — 본문 0자
   · 축(재미·감동·정보) 미지정

====================================================================
통과 0 / 전체 1
====================================================================

[막힘] _HEARTBEAT_본진  장면0/풀0
   ✗ 아웃트로 없음
   ✗ thumb 이 false 가 아니다 — 이 방 규칙 위반
   · 예상 길이 4초 (권장 33~48초) — 본문 0자
   · 축(재미·감동·정보) 미지정

====================================================================
통과 0 / 전체 1
====================================================================

[막힘] B-INVENTORY  장면0/풀0
   ✗ 아웃트로 없음
   ✗ thumb 이 false 가 아니다 — 이 방 규칙 위반
   · 예상 길이 4초 (권장 33~48초) — 본문 0자
   · 축(재미·감동·정보) 미지정

====================================================================
통과 0 / 전체 1
====================================================================

[막힘] _HEARTBEAT_본진  장면0/풀0
   ✗ 아웃트로 없음
   ✗ thumb 이 false 가 아니다 — 이 방 규칙 위반
   · 예상 길이 4초 (권장 33~48초) — 본문 0자
   · 축(재미·감동·정보) 미지정

====================================================================
통과 0 / 전체 1
