실패 README_시작.md — HTTP Error 404: Not Found
실패 구술_건물주_개미와베짱이_2026-07-17.md — HTTP Error 404: Not Found
실패 디자이너의색_새관점_스크립트_2026-08-04.md — HTTP Error 404: Not Found
실패 밤작업_40초대본10_2026-07-15.md — HTTP Error 404: Not Found
실패 숱치기는 공간이다 — 커트 이론 (2026-07-14).md — HTTP Error 404: Not Found
실패 씨앗 — 37살이 되어서 일기를 쓰는 이유 (2026-07-1 — HTTP Error 404: Not Found
실패 일기 — 37살이 되어서 매일 일기를 쓰는 이유 (2026-0 — HTTP Error 404: Not Found
실패 차노_배치규칙_정본.md — HTTP Error 404: Not Found
실패 차노_브레인_생각의흐름.md — HTTP Error 404: Not Found
실패 차노_사고_문법.md — HTTP Error 404: Not Found
실패 차노_생각의흐름_기준점.md — HTTP Error 404: Not Found
실패 차노_왜사전_시야를넓히는것.md — HTTP Error 404: Not Found
실패 차노_첨삭로그.md — HTTP Error 404: Not Found
실패 차노_흐름차이_본질.md — HTTP Error 404: Not Found
실패 콘텐츠_출처_진위_대장.md — HTTP Error 404: Not Found
실패 00_교육디렉터실_정본목차_여기부터.md — HTTP Error 404: Not Found
실패 AI직원_조직도.md — HTTP Error 404: Not Found
실패 B롤_촬영요청.md — HTTP Error 404: Not Found
실패 B롤카탈로그.md — HTTP Error 404: Not Found
실패 B방_쇼츠_지표_2026-08-11.md — HTTP Error 404: Not Found
실패 CreatorOS_연동_진단_2026-07-24.md — HTTP Error 404: Not Found
실패 D방_블로그_2026-08-11.md — HTTP Error 404: Not Found
실패 youtube-shorts-pipeline.md — HTTP Error 404: Not Found
실패 결정사항_대장.md — HTTP Error 404: Not Found
실패 계정지도.md — HTTP Error 404: Not Found
실패 구분표_포맷3종_정본.md — HTTP Error 404: Not Found
실패 규격_AI일기_시리즈_렌더레시피.md — HTTP Error 404: Not Found
실패 규격_결이연재_카드폼.md — HTTP Error 404: Not Found
실패 규격_나노바나나_매듭화풍_박제.md — HTTP Error 404: Not Found
실패 규격_낙타형자막바_컨텐츠_정본.md — HTTP Error 404: Not Found
실패 규격_사진레이아웃조합형_정본.md — HTTP Error 404: Not Found
실패 규격_에이엠톤식_좌하단두줄_v1.md — HTTP Error 404: Not Found
실패 규격_영상소재_선택규칙.md — HTTP Error 404: Not Found
실패 규약_기획실_경계.md — HTTP Error 404: Not Found
실패 규약_이_방의_경계.md — HTTP Error 404: Not Found
실패 규칙_단일트렁크_찾는트리거_2026-08-10.md — HTTP Error 404: Not Found
실패 규칙_대사제작_인터뷰식_정본.md — HTTP Error 404: Not Found
실패 규칙_역할흐름_코워크링크yesno_코덱스렌더_2026-08-1 — HTTP Error 404: Not Found
실패 기준_레벨별_승급게이트_키워드_박제.md — HTTP Error 404: Not Found
실패 낙타식_자막콘텐츠_제작_전사.md — HTTP Error 404: Not Found
실패 둘째줄기_편집스타일_정본.md — HTTP Error 404: Not Found
실패 드라이브_영상_버전정리.md — HTTP Error 404: Not Found
실패 드라이브_폴더_정본.md — HTTP Error 404: Not Found
실패 디스코드_assistant_로그.md — HTTP Error 404: Not Found
실패 렌더_버그_학습로그.md — HTTP Error 404: Not Found
실패 렌더대기_앞으로할일.md — HTTP Error 404: Not Found
실패 리더_차노.md — HTTP Error 404: Not Found
실패 매니페스트_형태_카탈로그.md — HTTP Error 404: Not Found
실패 방_공유_작업로그.md — HTTP Error 404: Not Found
실패 방_이어받기_핸드오프.md — HTTP Error 404: Not Found
실패 방_정의_교육디렉터.md — HTTP Error 404: Not Found
실패 방_협업_규약.md — HTTP Error 404: Not Found
실패 백로그_영상연출_제안.md — HTTP Error 404: Not Found
실패 본진_디스코드_역할분담.md — HTTP Error 404: Not Found
실패 본진작업지시_2026-07-14.md — HTTP Error 404: Not Found
실패 브랜딩_클래스_9단계_프레임.md — HTTP Error 404: Not Found
실패 블로그_디자이너의_색.md — HTTP Error 404: Not Found
실패 블로그_숱치기는_공간.md — HTTP Error 404: Not Found
실패 스타일_손글씨스크랩북.md — HTTP Error 404: Not Found
실패 시스템_라우팅_정본.md — HTTP Error 404: Not Found
실패 씨앗_파이프라인마인드.md — HTTP Error 404: Not Found
실패 알파컷_브리핑_프롬프트.md — HTTP Error 404: Not Found
실패 앳나운_브랜드_전략서_초안.md — HTTP Error 404: Not Found
실패 억만장자_자문단_AI팀.md — HTTP Error 404: Not Found
실패 연결지도_코워크.md — HTTP Error 404: Not Found
실패 옵시디언_볼트_지도.md — HTTP Error 404: Not Found
실패 옵시디언_연동_해결.md — HTTP Error 404: Not Found
실패 왜_실패반복했나_구조해결_2026-07-28.md — HTTP Error 404: Not Found
실패 워처_큐_진단_20260812.md — HTTP Error 404: Not Found
실패 유튜브_다운로드_루트.md — HTTP Error 404: Not Found
실패 유튜브_예약현황.md — HTTP Error 404: Not Found
실패 유튜브_채널개편안.md — HTTP Error 404: Not Found
실패 인수인계_전략방_2026-08-12.md — HTTP Error 404: Not Found
실패 인트로_설계_정본.md — HTTP Error 404: Not Found
실패 자문_로그.md — HTTP Error 404: Not Found
실패 자주하는_실수_체크리스트.md — HTTP Error 404: Not Found
실패 재정의_카드_대장.md — HTTP Error 404: Not Found
실패 제작규격_정본.md — HTTP Error 404: Not Found
실패 지식연동.md — HTTP Error 404: Not Found
실패 차노_방향성_지도.md — HTTP Error 404: Not Found
실패 차노_보이스.md — HTTP Error 404: Not Found
실패 차노기획실_프로젝트_세팅.md — HTTP Error 404: Not Found
실패 차노의책장_제안.md — HTTP Error 404: Not Found
실패 창엽_쇼츠_배치_2026-07-27.md — HTTP Error 404: Not Found
실패 창엽_쇼츠_어그로훅_자문단.md — HTTP Error 404: Not Found
실패 창엽_완결재컷_아크표.md — HTTP Error 404: Not Found
실패 창엽_제목_생각프롬프트.md — HTTP Error 404: Not Found
실패 창엽_제목결정_내용표.md — HTTP Error 404: Not Found
실패 창엽_컨셉쇼츠30_링크.md — HTTP Error 404: Not Found
실패 창엽_컨셉쇼츠_v2_링크.md — HTTP Error 404: Not Found
실패 창엽교육_라인.md — HTTP Error 404: Not Found
실패 책_연관성지도.md — HTTP Error 404: Not Found
실패 첫줄기_편집스타일_정본.md — HTTP Error 404: Not Found
실패 체크리스트_낙타형자막바_렌더게이트_정본.md — HTTP Error 404: Not Found
실패 코덱스_작업지시_10편_2026-08-04.md — HTTP Error 404: Not Found
실패 코덱스_클로드_역할분담.md — HTTP Error 404: Not Found
실패 코워크_6방_정본.md — HTTP Error 404: Not Found
실패 코워크_ROOMS.md — HTTP Error 404: Not Found
실패 코워크_STATE_NOW.md — HTTP Error 404: Not Found
실패 코워크_직무_세팅안.md — HTTP Error 404: Not Found
실패 콘텐츠_엔진_원칙.md — HTTP Error 404: Not Found
실패 콘텐츠_체크리스트_상세.md — HTTP Error 404: Not Found
실패 콘텐츠_출처_진위_대장.md — HTTP Error 404: Not Found
실패 콘텐츠_트랙별_규격.md — HTTP Error 404: Not Found
실패 키워드_지도.md — HTTP Error 404: Not Found
실패 틀린생각_엔지니어병.md — HTTP Error 404: Not Found
실패 파이프라인_구조.md — HTTP Error 404: Not Found
실패 편집디렉터_학습로그.md — HTTP Error 404: Not Found
실패 포맷_미니필름.md — HTTP Error 404: Not Found
실패 폰영상_B롤수급_프로토콜.md — HTTP Error 404: Not Found
실패 폴더_통합_계획.md — HTTP Error 404: Not Found
실패 프롬프트북.md — HTTP Error 404: Not Found
실패 학습_2026-08-04_파이프라인_사고모음.md — HTTP Error 404: Not Found
실패 00_원샷_런북.md — HTTP Error 404: Not Found
실패 00_임무표_두방역할.md — HTTP Error 404: Not Found
실패 00_차노화_마스터.md — HTTP Error 404: Not Found
실패 01_조합엔진.md — HTTP Error 404: Not Found
실패 02_쇼츠_대량생산.md — HTTP Error 404: Not Found
실패 03_카드뉴스.md — HTTP Error 404: Not Found
실패 04_매거진_블로그.md — HTTP Error 404: Not Found
실패 05_까다로운_검수.md — HTTP Error 404: Not Found
실패 06_나레이션_라임.md — HTTP Error 404: Not Found
실패 07_나레이션_어색교정.md — HTTP Error 404: Not Found
실패 07_마스터_영상편집.md — HTTP Error 404: Not Found
실패 07_배경클립_구간선택.md — HTTP Error 404: Not Found
실패 08_렌더_체크리스트.md — HTTP Error 404: Not Found
실패 08_창엽_커트의정석_롱폼.md — HTTP Error 404: Not Found
실패 09_일레븐랩스_주의조건.md — HTTP Error 404: Not Found
실패 10_B롤_선택기준.md — HTTP Error 404: Not Found
실패 11_인트로_설계.md — HTTP Error 404: Not Found
실패 4방_라우팅_규칙.md — HTTP Error 404: Not Found
실패 B롤_선택_우선순위.md — HTTP Error 404: Not Found
실패 E방_인수인계.md — HTTP Error 404: Not Found
실패 README.md — HTTP Error 404: Not Found
실패 공통업무.md — HTTP Error 404: Not Found
실패 끝나면_알린다.md — HTTP Error 404: Not Found
실패 디스코드_연동_전방_공유.md — HTTP Error 404: Not Found
실패 무병목_그물_파이프라인.md — HTTP Error 404: Not Found
실패 방_자동동기화_붙여넣기.md — HTTP Error 404: Not Found
실패 배선도_전체.md — HTTP Error 404: Not Found
실패 본진을_통해서_한다.md — HTTP Error 404: Not Found
실패 새방_개설_체크리스트.md — HTTP Error 404: Not Found
실패 서로를_읽는다.md — HTTP Error 404: Not Found
실패 쇼츠_스타일_믹스_가이드.md — HTTP Error 404: Not Found
실패 쇼츠_형식_스템.md — HTTP Error 404: Not Found
실패 수정원장.md — HTTP Error 404: Not Found
실패 수치_근거.md — HTTP Error 404: Not Found
실패 수치_체크리스트_정본.md — HTTP Error 404: Not Found
실패 아침_인트레이_텍스트제안.md — HTTP Error 404: Not Found
실패 온보딩_새사람_스타터.md — HTTP Error 404: Not Found
실패 옵시디언_노션_목적.md — HTTP Error 404: Not Found
실패 이어받기_시드_붙여넣기.md — HTTP Error 404: Not Found
실패 인수_D방_0811.md — HTTP Error 404: Not Found
실패 인수_E방_0811.md — HTTP Error 404: Not Found
실패 인수_쇼츠영상방_0812.md — HTTP Error 404: Not Found
실패 인수_차노기획실_0811.md — HTTP Error 404: Not Found
실패 직군_담당표.md — HTTP Error 404: Not Found
실패 콘텐츠_스텝시스템.md — HTTP Error 404: Not Found
실패 편집디렉터_ED.md — HTTP Error 404: Not Found
새로 올린 것 0개 · 대장 총 0개
실패 README_시작.md — HTTP Error 404: Not Found
실패 구술_건물주_개미와베짱이_2026-07-17.md — HTTP Error 404: Not Found
실패 디자이너의색_새관점_스크립트_2026-08-04.md — HTTP Error 404: Not Found
실패 밤작업_40초대본10_2026-07-15.md — HTTP Error 404: Not Found
실패 숱치기는 공간이다 — 커트 이론 (2026-07-14).md — HTTP Error 404: Not Found
실패 씨앗 — 37살이 되어서 일기를 쓰는 이유 (2026-07-1 — HTTP Error 404: Not Found
실패 일기 — 37살이 되어서 매일 일기를 쓰는 이유 (2026-0 — HTTP Error 404: Not Found
실패 차노_배치규칙_정본.md — HTTP Error 404: Not Found
실패 차노_브레인_생각의흐름.md — HTTP Error 404: Not Found
실패 차노_사고_문법.md — HTTP Error 404: Not Found
실패 차노_생각의흐름_기준점.md — HTTP Error 404: Not Found
실패 차노_왜사전_시야를넓히는것.md — HTTP Error 404: Not Found
실패 차노_첨삭로그.md — HTTP Error 404: Not Found
실패 차노_흐름차이_본질.md — HTTP Error 404: Not Found
실패 콘텐츠_출처_진위_대장.md — HTTP Error 404: Not Found
실패 00_교육디렉터실_정본목차_여기부터.md — HTTP Error 404: Not Found
실패 AI직원_조직도.md — HTTP Error 404: Not Found
실패 B롤_촬영요청.md — HTTP Error 404: Not Found
실패 B롤카탈로그.md — HTTP Error 404: Not Found
실패 B방_쇼츠_지표_2026-08-11.md — HTTP Error 404: Not Found
실패 CreatorOS_연동_진단_2026-07-24.md — HTTP Error 404: Not Found
실패 D방_블로그_2026-08-11.md — HTTP Error 404: Not Found
실패 youtube-shorts-pipeline.md — HTTP Error 404: Not Found
실패 결정사항_대장.md — HTTP Error 404: Not Found
실패 계정지도.md — HTTP Error 404: Not Found
실패 구분표_포맷3종_정본.md — HTTP Error 404: Not Found
실패 규격_AI일기_시리즈_렌더레시피.md — HTTP Error 404: Not Found
실패 규격_결이연재_카드폼.md — HTTP Error 404: Not Found
실패 규격_나노바나나_매듭화풍_박제.md — HTTP Error 404: Not Found
실패 규격_낙타형자막바_컨텐츠_정본.md — HTTP Error 404: Not Found
실패 규격_사진레이아웃조합형_정본.md — HTTP Error 404: Not Found
실패 규격_에이엠톤식_좌하단두줄_v1.md — HTTP Error 404: Not Found
실패 규격_영상소재_선택규칙.md — HTTP Error 404: Not Found
실패 규격_자막_두_체계_분리.md — HTTP Error 404: Not Found
실패 규약_기획실_경계.md — HTTP Error 404: Not Found
실패 규약_이_방의_경계.md — HTTP Error 404: Not Found
실패 규칙_단일트렁크_찾는트리거_2026-08-10.md — HTTP Error 404: Not Found
실패 규칙_대사제작_인터뷰식_정본.md — HTTP Error 404: Not Found
실패 규칙_역할흐름_코워크링크yesno_코덱스렌더_2026-08-1 — HTTP Error 404: Not Found
실패 기준_레벨별_승급게이트_키워드_박제.md — HTTP Error 404: Not Found
실패 낙타식_자막콘텐츠_제작_전사.md — HTTP Error 404: Not Found
실패 둘째줄기_편집스타일_정본.md — HTTP Error 404: Not Found
실패 드라이브_영상_버전정리.md — HTTP Error 404: Not Found
실패 드라이브_폴더_정본.md — HTTP Error 404: Not Found
실패 디스코드_assistant_로그.md — HTTP Error 404: Not Found
실패 렌더_버그_학습로그.md — HTTP Error 404: Not Found
실패 렌더대기_앞으로할일.md — HTTP Error 404: Not Found
실패 리더_차노.md — HTTP Error 404: Not Found
실패 매니페스트_형태_카탈로그.md — HTTP Error 404: Not Found
실패 방_공유_작업로그.md — HTTP Error 404: Not Found
실패 방_이어받기_핸드오프.md — HTTP Error 404: Not Found
실패 방_정의_교육디렉터.md — HTTP Error 404: Not Found
실패 방_협업_규약.md — HTTP Error 404: Not Found
실패 백로그_영상연출_제안.md — HTTP Error 404: Not Found
실패 본진_디스코드_역할분담.md — HTTP Error 404: Not Found
실패 본진작업지시_2026-07-14.md — HTTP Error 404: Not Found
실패 브랜딩_클래스_9단계_프레임.md — HTTP Error 404: Not Found
실패 블로그_디자이너의_색.md — HTTP Error 404: Not Found
실패 블로그_숱치기는_공간.md — HTTP Error 404: Not Found
실패 스타일_손글씨스크랩북.md — HTTP Error 404: Not Found
실패 시스템_라우팅_정본.md — HTTP Error 404: Not Found
실패 씨앗_파이프라인마인드.md — HTTP Error 404: Not Found
실패 알파컷_브리핑_프롬프트.md — HTTP Error 404: Not Found
실패 앳나운_브랜드_전략서_초안.md — HTTP Error 404: Not Found
실패 억만장자_자문단_AI팀.md — HTTP Error 404: Not Found
실패 연결지도_코워크.md — HTTP Error 404: Not Found
실패 옵시디언_볼트_지도.md — HTTP Error 404: Not Found
실패 옵시디언_연동_해결.md — HTTP Error 404: Not Found
실패 왜_실패반복했나_구조해결_2026-07-28.md — HTTP Error 404: Not Found
실패 워처_큐_진단_20260812.md — HTTP Error 404: Not Found
실패 유튜브_다운로드_루트.md — HTTP Error 404: Not Found
실패 유튜브_예약현황.md — HTTP Error 404: Not Found
실패 유튜브_채널개편안.md — HTTP Error 404: Not Found
실패 인수인계_전략방_2026-08-12.md — HTTP Error 404: Not Found
실패 인트로_설계_정본.md — HTTP Error 404: Not Found
실패 자문_로그.md — HTTP Error 404: Not Found
실패 자주하는_실수_체크리스트.md — HTTP Error 404: Not Found
실패 재정의_카드_대장.md — HTTP Error 404: Not Found
실패 제작규격_정본.md — HTTP Error 404: Not Found
실패 지식연동.md — HTTP Error 404: Not Found
실패 차노_방향성_지도.md — HTTP Error 404: Not Found
실패 차노_보이스.md — HTTP Error 404: Not Found
실패 차노기획실_프로젝트_세팅.md — HTTP Error 404: Not Found
실패 차노의책장_제안.md — HTTP Error 404: Not Found
실패 창엽_쇼츠_배치_2026-07-27.md — HTTP Error 404: Not Found
실패 창엽_쇼츠_어그로훅_자문단.md — HTTP Error 404: Not Found
실패 창엽_완결재컷_아크표.md — HTTP Error 404: Not Found
실패 창엽_제목_생각프롬프트.md — HTTP Error 404: Not Found
실패 창엽_제목결정_내용표.md — HTTP Error 404: Not Found
실패 창엽_컨셉쇼츠30_링크.md — HTTP Error 404: Not Found
실패 창엽_컨셉쇼츠_v2_링크.md — HTTP Error 404: Not Found
실패 창엽교육_라인.md — HTTP Error 404: Not Found
실패 책_연관성지도.md — HTTP Error 404: Not Found
실패 첫줄기_편집스타일_정본.md — HTTP Error 404: Not Found
실패 체크리스트_낙타형자막바_렌더게이트_정본.md — HTTP Error 404: Not Found
실패 코덱스_작업지시_10편_2026-08-04.md — HTTP Error 404: Not Found
실패 코덱스_클로드_역할분담.md — HTTP Error 404: Not Found
실패 코워크_6방_정본.md — HTTP Error 404: Not Found
실패 코워크_ROOMS.md — HTTP Error 404: Not Found
실패 코워크_STATE_NOW.md — HTTP Error 404: Not Found
실패 코워크_직무_세팅안.md — HTTP Error 404: Not Found
실패 콘텐츠_엔진_원칙.md — HTTP Error 404: Not Found
실패 콘텐츠_체크리스트_상세.md — HTTP Error 404: Not Found
실패 콘텐츠_출처_진위_대장.md — HTTP Error 404: Not Found
실패 콘텐츠_트랙별_규격.md — HTTP Error 404: Not Found
실패 키워드_지도.md — HTTP Error 404: Not Found
실패 틀린생각_엔지니어병.md — HTTP Error 404: Not Found
실패 파이프라인_구조.md — HTTP Error 404: Not Found
실패 편집디렉터_학습로그.md — HTTP Error 404: Not Found
실패 포맷_미니필름.md — HTTP Error 404: Not Found
실패 폰영상_B롤수급_프로토콜.md — HTTP Error 404: Not Found
실패 폴더_통합_계획.md — HTTP Error 404: Not Found
실패 프롬프트북.md — HTTP Error 404: Not Found
실패 학습_2026-08-04_파이프라인_사고모음.md — HTTP Error 404: Not Found
실패 00_원샷_런북.md — HTTP Error 404: Not Found
실패 00_임무표_두방역할.md — HTTP Error 404: Not Found
실패 00_차노화_마스터.md — HTTP Error 404: Not Found
실패 01_조합엔진.md — HTTP Error 404: Not Found
실패 02_쇼츠_대량생산.md — HTTP Error 404: Not Found
실패 03_카드뉴스.md — HTTP Error 404: Not Found
실패 04_매거진_블로그.md — HTTP Error 404: Not Found
실패 05_까다로운_검수.md — HTTP Error 404: Not Found
실패 06_나레이션_라임.md — HTTP Error 404: Not Found
실패 07_나레이션_어색교정.md — HTTP Error 404: Not Found
실패 07_마스터_영상편집.md — HTTP Error 404: Not Found
실패 07_배경클립_구간선택.md — HTTP Error 404: Not Found
실패 08_렌더_체크리스트.md — HTTP Error 404: Not Found
실패 08_창엽_커트의정석_롱폼.md — HTTP Error 404: Not Found
실패 09_일레븐랩스_주의조건.md — HTTP Error 404: Not Found
실패 10_B롤_선택기준.md — HTTP Error 404: Not Found
실패 11_인트로_설계.md — HTTP Error 404: Not Found
실패 4방_라우팅_규칙.md — HTTP Error 404: Not Found
실패 B롤_선택_우선순위.md — HTTP Error 404: Not Found
실패 E방_인수인계.md — HTTP Error 404: Not Found
실패 README.md — HTTP Error 404: Not Found
실패 공통업무.md — HTTP Error 404: Not Found
실패 끝나면_알린다.md — HTTP Error 404: Not Found
실패 디스코드_연동_전방_공유.md — HTTP Error 404: Not Found
실패 무병목_그물_파이프라인.md — HTTP Error 404: Not Found
실패 방_자동동기화_붙여넣기.md — HTTP Error 404: Not Found
실패 배선도_전체.md — HTTP Error 404: Not Found
실패 본진을_통해서_한다.md — HTTP Error 404: Not Found
실패 새방_개설_체크리스트.md — HTTP Error 404: Not Found
실패 서로를_읽는다.md — HTTP Error 404: Not Found
실패 쇼츠_스타일_믹스_가이드.md — HTTP Error 404: Not Found
실패 쇼츠_형식_스템.md — HTTP Error 404: Not Found
실패 수정원장.md — HTTP Error 404: Not Found
실패 수치_근거.md — HTTP Error 404: Not Found
실패 수치_체크리스트_정본.md — HTTP Error 404: Not Found
실패 아침_인트레이_텍스트제안.md — HTTP Error 404: Not Found
실패 온보딩_새사람_스타터.md — HTTP Error 404: Not Found
실패 옵시디언_노션_목적.md — HTTP Error 404: Not Found
실패 이어받기_시드_붙여넣기.md — HTTP Error 404: Not Found
실패 인수_D방_0811.md — HTTP Error 404: Not Found
실패 인수_E방_0811.md — HTTP Error 404: Not Found
실패 인수_쇼츠영상방_0812.md — HTTP Error 404: Not Found
실패 인수_차노기획실_0811.md — HTTP Error 404: Not Found
실패 직군_담당표.md — HTTP Error 404: Not Found
실패 콘텐츠_스텝시스템.md — HTTP Error 404: Not Found
실패 편집디렉터_ED.md — HTTP Error 404: Not Found
새로 올린 것 0개 · 대장 총 0개
실패 README_시작.md — HTTP Error 404: Not Found
실패 구술_건물주_개미와베짱이_2026-07-17.md — HTTP Error 404: Not Found
실패 디자이너의색_새관점_스크립트_2026-08-04.md — HTTP Error 404: Not Found
실패 밤작업_40초대본10_2026-07-15.md — HTTP Error 404: Not Found
실패 숱치기는 공간이다 — 커트 이론 (2026-07-14).md — HTTP Error 404: Not Found
실패 씨앗 — 37살이 되어서 일기를 쓰는 이유 (2026-07-1 — HTTP Error 404: Not Found
실패 일기 — 37살이 되어서 매일 일기를 쓰는 이유 (2026-0 — HTTP Error 404: Not Found
실패 차노_배치규칙_정본.md — HTTP Error 404: Not Found
실패 차노_브레인_생각의흐름.md — HTTP Error 404: Not Found
실패 차노_사고_문법.md — HTTP Error 404: Not Found
실패 차노_생각의흐름_기준점.md — HTTP Error 404: Not Found
실패 차노_왜사전_시야를넓히는것.md — HTTP Error 404: Not Found
실패 차노_첨삭로그.md — HTTP Error 404: Not Found
실패 차노_흐름차이_본질.md — HTTP Error 404: Not Found
실패 콘텐츠_출처_진위_대장.md — HTTP Error 404: Not Found
실패 00_교육디렉터실_정본목차_여기부터.md — HTTP Error 404: Not Found
실패 AI직원_조직도.md — HTTP Error 404: Not Found
실패 B롤_촬영요청.md — HTTP Error 404: Not Found
실패 B롤카탈로그.md — HTTP Error 404: Not Found
실패 B방_쇼츠_지표_2026-08-11.md — HTTP Error 404: Not Found
실패 CreatorOS_연동_진단_2026-07-24.md — HTTP Error 404: Not Found
실패 D방_블로그_2026-08-11.md — HTTP Error 404: Not Found
실패 youtube-shorts-pipeline.md — HTTP Error 404: Not Found
실패 결정사항_대장.md — HTTP Error 404: Not Found
실패 계정지도.md — HTTP Error 404: Not Found
실패 구분표_포맷3종_정본.md — HTTP Error 404: Not Found
실패 규격_AI일기_시리즈_렌더레시피.md — HTTP Error 404: Not Found
실패 규격_결이연재_카드폼.md — HTTP Error 404: Not Found
실패 규격_나노바나나_매듭화풍_박제.md — HTTP Error 404: Not Found
실패 규격_낙타형자막바_컨텐츠_정본.md — HTTP Error 404: Not Found
실패 규격_사진레이아웃조합형_정본.md — HTTP Error 404: Not Found
실패 규격_에이엠톤식_좌하단두줄_v1.md — HTTP Error 404: Not Found
실패 규격_영상소재_선택규칙.md — HTTP Error 404: Not Found
실패 규격_자막_두_체계_분리.md — HTTP Error 404: Not Found
실패 규약_기획실_경계.md — HTTP Error 404: Not Found
실패 규약_이_방의_경계.md — HTTP Error 404: Not Found
실패 규칙_단일트렁크_찾는트리거_2026-08-10.md — HTTP Error 404: Not Found
실패 규칙_대사제작_인터뷰식_정본.md — HTTP Error 404: Not Found
실패 규칙_역할흐름_코워크링크yesno_코덱스렌더_2026-08-1 — HTTP Error 404: Not Found
실패 기준_레벨별_승급게이트_키워드_박제.md — HTTP Error 404: Not Found
실패 낙타식_자막콘텐츠_제작_전사.md — HTTP Error 404: Not Found
실패 둘째줄기_편집스타일_정본.md — HTTP Error 404: Not Found
실패 드라이브_영상_버전정리.md — HTTP Error 404: Not Found
실패 드라이브_폴더_정본.md — HTTP Error 404: Not Found
실패 디스코드_assistant_로그.md — HTTP Error 404: Not Found
실패 렌더_버그_학습로그.md — HTTP Error 404: Not Found
실패 렌더대기_앞으로할일.md — HTTP Error 404: Not Found
실패 리더_차노.md — HTTP Error 404: Not Found
실패 매니페스트_형태_카탈로그.md — HTTP Error 404: Not Found
실패 방_공유_작업로그.md — HTTP Error 404: Not Found
실패 방_이어받기_핸드오프.md — HTTP Error 404: Not Found
실패 방_정의_교육디렉터.md — HTTP Error 404: Not Found
실패 방_협업_규약.md — HTTP Error 404: Not Found
실패 백로그_영상연출_제안.md — HTTP Error 404: Not Found
실패 본진_디스코드_역할분담.md — HTTP Error 404: Not Found
실패 본진작업지시_2026-07-14.md — HTTP Error 404: Not Found
실패 브랜딩_클래스_9단계_프레임.md — HTTP Error 404: Not Found
실패 블로그_디자이너의_색.md — HTTP Error 404: Not Found
실패 블로그_숱치기는_공간.md — HTTP Error 404: Not Found
실패 스타일_손글씨스크랩북.md — HTTP Error 404: Not Found
실패 시스템_라우팅_정본.md — HTTP Error 404: Not Found
실패 씨앗_파이프라인마인드.md — HTTP Error 404: Not Found
실패 알파컷_브리핑_프롬프트.md — HTTP Error 404: Not Found
실패 앳나운_브랜드_전략서_초안.md — HTTP Error 404: Not Found
실패 억만장자_자문단_AI팀.md — HTTP Error 404: Not Found
실패 연결지도_코워크.md — HTTP Error 404: Not Found
실패 옵시디언_볼트_지도.md — HTTP Error 404: Not Found
실패 옵시디언_연동_해결.md — HTTP Error 404: Not Found
실패 왜_실패반복했나_구조해결_2026-07-28.md — HTTP Error 404: Not Found
실패 워처_큐_진단_20260812.md — HTTP Error 404: Not Found
실패 유튜브_다운로드_루트.md — HTTP Error 404: Not Found
실패 유튜브_예약현황.md — HTTP Error 404: Not Found
실패 유튜브_채널개편안.md — HTTP Error 404: Not Found
실패 인수인계_전략방_2026-08-12.md — HTTP Error 404: Not Found
실패 인트로_설계_정본.md — HTTP Error 404: Not Found
실패 자문_로그.md — HTTP Error 404: Not Found
실패 자주하는_실수_체크리스트.md — HTTP Error 404: Not Found
실패 재정의_카드_대장.md — HTTP Error 404: Not Found
실패 제작규격_정본.md — HTTP Error 404: Not Found
실패 지식연동.md — HTTP Error 404: Not Found
실패 차노_방향성_지도.md — HTTP Error 404: Not Found
실패 차노_보이스.md — HTTP Error 404: Not Found
실패 차노기획실_프로젝트_세팅.md — HTTP Error 404: Not Found
실패 차노의책장_제안.md — HTTP Error 404: Not Found
실패 창엽_쇼츠_배치_2026-07-27.md — HTTP Error 404: Not Found
실패 창엽_쇼츠_어그로훅_자문단.md — HTTP Error 404: Not Found
실패 창엽_완결재컷_아크표.md — HTTP Error 404: Not Found
실패 창엽_제목_생각프롬프트.md — HTTP Error 404: Not Found
실패 창엽_제목결정_내용표.md — HTTP Error 404: Not Found
실패 창엽_컨셉쇼츠30_링크.md — HTTP Error 404: Not Found
실패 창엽_컨셉쇼츠_v2_링크.md — HTTP Error 404: Not Found
실패 창엽교육_라인.md — HTTP Error 404: Not Found
실패 책_연관성지도.md — HTTP Error 404: Not Found
실패 첫줄기_편집스타일_정본.md — HTTP Error 404: Not Found
실패 체크리스트_낙타형자막바_렌더게이트_정본.md — HTTP Error 404: Not Found
실패 코덱스_작업지시_10편_2026-08-04.md — HTTP Error 404: Not Found
실패 코덱스_클로드_역할분담.md — HTTP Error 404: Not Found
실패 코워크_6방_정본.md — HTTP Error 404: Not Found
실패 코워크_ROOMS.md — HTTP Error 404: Not Found
실패 코워크_STATE_NOW.md — HTTP Error 404: Not Found
실패 코워크_직무_세팅안.md — HTTP Error 404: Not Found
실패 콘텐츠_엔진_원칙.md — HTTP Error 404: Not Found
실패 콘텐츠_체크리스트_상세.md — HTTP Error 404: Not Found
실패 콘텐츠_출처_진위_대장.md — HTTP Error 404: Not Found
실패 콘텐츠_트랙별_규격.md — HTTP Error 404: Not Found
실패 키워드_지도.md — HTTP Error 404: Not Found
실패 틀린생각_엔지니어병.md — HTTP Error 404: Not Found
실패 파이프라인_구조.md — HTTP Error 404: Not Found
실패 편집디렉터_학습로그.md — HTTP Error 404: Not Found
실패 포맷_미니필름.md — HTTP Error 404: Not Found
실패 폰영상_B롤수급_프로토콜.md — HTTP Error 404: Not Found
실패 폴더_통합_계획.md — HTTP Error 404: Not Found
실패 프롬프트북.md — HTTP Error 404: Not Found
실패 학습_2026-08-04_파이프라인_사고모음.md — HTTP Error 404: Not Found
실패 00_원샷_런북.md — HTTP Error 404: Not Found
실패 00_임무표_두방역할.md — HTTP Error 404: Not Found
실패 00_차노화_마스터.md — HTTP Error 404: Not Found
실패 01_조합엔진.md — HTTP Error 404: Not Found
실패 02_쇼츠_대량생산.md — HTTP Error 404: Not Found
실패 03_카드뉴스.md — HTTP Error 404: Not Found
실패 04_매거진_블로그.md — HTTP Error 404: Not Found
실패 05_까다로운_검수.md — HTTP Error 404: Not Found
실패 06_나레이션_라임.md — HTTP Error 404: Not Found
실패 07_나레이션_어색교정.md — HTTP Error 404: Not Found
실패 07_마스터_영상편집.md — HTTP Error 404: Not Found
실패 07_배경클립_구간선택.md — HTTP Error 404: Not Found
실패 08_렌더_체크리스트.md — HTTP Error 404: Not Found
실패 08_창엽_커트의정석_롱폼.md — HTTP Error 404: Not Found
실패 09_일레븐랩스_주의조건.md — HTTP Error 404: Not Found
실패 10_B롤_선택기준.md — HTTP Error 404: Not Found
실패 11_인트로_설계.md — HTTP Error 404: Not Found
실패 4방_라우팅_규칙.md — HTTP Error 404: Not Found
실패 B롤_선택_우선순위.md — HTTP Error 404: Not Found
실패 E방_인수인계.md — HTTP Error 404: Not Found
실패 README.md — HTTP Error 404: Not Found
실패 공통업무.md — HTTP Error 404: Not Found
실패 끝나면_알린다.md — HTTP Error 404: Not Found
실패 디스코드_연동_전방_공유.md — HTTP Error 404: Not Found
실패 무병목_그물_파이프라인.md — HTTP Error 404: Not Found
실패 방_자동동기화_붙여넣기.md — HTTP Error 404: Not Found
실패 배선도_전체.md — HTTP Error 404: Not Found
실패 본진을_통해서_한다.md — HTTP Error 404: Not Found
실패 새방_개설_체크리스트.md — HTTP Error 404: Not Found
실패 서로를_읽는다.md — HTTP Error 404: Not Found
실패 쇼츠_스타일_믹스_가이드.md — HTTP Error 404: Not Found
실패 쇼츠_형식_스템.md — HTTP Error 404: Not Found
실패 수정원장.md — HTTP Error 404: Not Found
실패 수치_근거.md — HTTP Error 404: Not Found
실패 수치_체크리스트_정본.md — HTTP Error 404: Not Found
실패 아침_인트레이_텍스트제안.md — HTTP Error 404: Not Found
실패 온보딩_새사람_스타터.md — HTTP Error 404: Not Found
실패 옵시디언_노션_목적.md — HTTP Error 404: Not Found
실패 이어받기_시드_붙여넣기.md — HTTP Error 404: Not Found
실패 인수_D방_0811.md — HTTP Error 404: Not Found
실패 인수_E방_0811.md — HTTP Error 404: Not Found
실패 인수_쇼츠영상방_0812.md — HTTP Error 404: Not Found
실패 인수_차노기획실_0811.md — HTTP Error 404: Not Found
실패 직군_담당표.md — HTTP Error 404: Not Found
실패 콘텐츠_스텝시스템.md — HTTP Error 404: Not Found
실패 편집디렉터_ED.md — HTTP Error 404: Not Found
새로 올린 것 0개 · 대장 총 0개
